ARM Linker, 5.01 [Build 94] 

==============================================================================

Image Symbol Table

    Local Symbols

    Symbol Name                              Value     Ov Type        Size  Object(Section)

    TZAPPENTRYCODE                           0x00000000   Section      124  tzapp_entry.o(TZAPPENTRYCODE)
    ../clib/angel/rt.s                       0x00000000   Number         0  rt_ctype_table.o ABSOLUTE
    ../clib/angel/rt.s                       0x00000000   Number         0  rt_div0.o ABSOLUTE
    ../clib/angel/rt.s                       0x00000000   Number         0  rt_raise.o ABSOLUTE
    ../clib/angel/rt.s                       0x00000000   Number         0  rt_heap_descriptor.o ABSOLUTE
    ../clib/angel/rt.s                       0x00000000   Number         0  rt_heap_descriptor_intlibspace.o ABSOLUTE
    ../clib/angel/rt.s                       0x00000000   Number         0  aeabi_ldiv0.o ABSOLUTE
    ../clib/angel/rt.s                       0x00000000   Number         0  aeabi_ldiv0_sigfpe.o ABSOLUTE
    ../clib/angel/rt.s                       0x00000000   Number         0  rt_errno_addr.o ABSOLUTE
    ../clib/angel/rt.s                       0x00000000   Number         0  aeabi_idiv0.o ABSOLUTE
    ../clib/angel/rt.s                       0x00000000   Number         0  rt_locale_intlibspace.o ABSOLUTE
    ../clib/angel/rt.s                       0x00000000   Number         0  rt_locale.o ABSOLUTE
    ../clib/angel/rt.s                       0x00000000   Number         0  aeabi_idiv0_sigfpe.o ABSOLUTE
    ../clib/angel/rt.s                       0x00000000   Number         0  rt_errno_addr_intlibspace.o ABSOLUTE
    ../clib/angel/sys.s                      0x00000000   Number         0  libspace.o ABSOLUTE
    ../clib/angel/sys.s                      0x00000000   Number         0  mutex_dummy.o ABSOLUTE
    ../clib/angel/sys.s                      0x00000000   Number         0  indicate_semi.o ABSOLUTE
    ../clib/angel/sys.s                      0x00000000   Number         0  use_no_semi.o ABSOLUTE
    ../clib/angel/sysapp.c                   0x00000000   Number         0  sys_exit.o ABSOLUTE
    ../clib/angel/sysapp.c                   0x00000000   Number         0  sys_io.o ABSOLUTE
    ../clib/angel/sysapp.c                   0x00000000   Number         0  getenv.o ABSOLUTE
    ../clib/angel/sysapp.c                   0x00000000   Number         0  sys_wrch.o ABSOLUTE
    ../clib/arm_runtime.c                    0x00000000   Number         0  init_aeabi.o ABSOLUTE
    ../clib/arm_runtime.c                    0x00000000   Number         0  init_aeabi.o ABSOLUTE
    ../clib/armsys.c                         0x00000000   Number         0  _get_argv.o ABSOLUTE
    ../clib/armsys.c                         0x00000000   Number         0  no_argv.o ABSOLUTE
    ../clib/armsys.c                         0x00000000   Number         0  argv_veneer.o ABSOLUTE
    ../clib/armsys.c                         0x00000000   Number         0  argv_veneer.o ABSOLUTE
    ../clib/armsys.c                         0x00000000   Number         0  _get_argv_nomalloc.o ABSOLUTE
    ../clib/assert.c                         0x00000000   Number         0  assert_stdio.o ABSOLUTE
    ../clib/bigflt.c                         0x00000000   Number         0  bigflt0.o ABSOLUTE
    ../clib/btod.s                           0x00000000   Number         0  btod.o ABSOLUTE
    ../clib/division.s                       0x00000000   Number         0  rtudiv10.o ABSOLUTE
    ../clib/division.s                       0x00000000   Number         0  aeabi_sdivfast_rs.o ABSOLUTE
    ../clib/division.s                       0x00000000   Number         0  aeabi_sdivfast_rs_div0.o ABSOLUTE
    ../clib/divrt.s                          0x00000000   Number         0  divrt_9e_div0.o ABSOLUTE
    ../clib/divrt.s                          0x00000000   Number         0  divrt_9e.o ABSOLUTE
    ../clib/heap1.c                          0x00000000   Number         0  h1_free.o ABSOLUTE
    ../clib/heap1.c                          0x00000000   Number         0  h1_free_mt.o ABSOLUTE
    ../clib/heap1.c                          0x00000000   Number         0  h1_alloc.o ABSOLUTE
    ../clib/heap1.c                          0x00000000   Number         0  h1_alloc_mt.o ABSOLUTE
    ../clib/heap1.c                          0x00000000   Number         0  h1_final.o ABSOLUTE
    ../clib/heap1.c                          0x00000000   Number         0  h1_init_mt.o ABSOLUTE
    ../clib/heap1.c                          0x00000000   Number         0  h1_extend.o ABSOLUTE
    ../clib/heap1.c                          0x00000000   Number         0  h1_init.o ABSOLUTE
    ../clib/heap1.c                          0x00000000   Number         0  h1_final_mt.o ABSOLUTE
    ../clib/heap1.c                          0x00000000   Number         0  h1_extend_mt.o ABSOLUTE
[...]
    0x00003f86   0x000000c6   Code   RO         1021    .text               opcode.o
    0x0000404c   0x0000002a   Code   RO         1092    .text               ss_aes.o
    0x00004076   0x00000082   Code   RO         1213    .text               dumpdrv_hw_hal.o
    0x000040f8   0x000001c4   Code   RO         1230    .text               ss_asn1.o
    0x000042bc   0x00000064   Code   RO         1273    .text               ss_encoder.o
    0x00004320   0x0000025e   Code   RO         1331    .text               RSA.o
    0x0000457e   0x0000001a   Code   RO         1387    .text               ss_fips.o
    0x00004598   0x0000002e   Code   RO         1413    .text               ss_CryptoCore_init.o
    0x000045c6   0x00000b40   Code   RO         1458    .text               dsa_gen.o
    0x00005106   0x000000e2   Code   RO         1567    .text               dsa_key.o
    0x000051e8   0x0000022c   Code   RO         1590    .text               dsa_lib.o
    0x00005414   0x00000010   Code   RO         1641    .text               dsa_sign.o
    0x00005424   0x0000000a   Code   RO         1659    .text               dsa_vrf.o
    0x0000542e   0x000009d6   Code   RO         1716    .text               tzlib_proxy.lib(prxy_services.o)
    0x00005e04   0x000003c6   Code   RO         1956    .text               tzapp_entrylib.lib(qsee_crypto_shim.o)
    0x000061ca   0x0000003a   Code   RO         2173    .text               crypto_core.lib(pd_rand.o)
    0x00006204   0x000000b4   Code   RO         2257    .text               crypto_core.lib(a_dup.o)
    0x000062b8   0x00000260   Code   RO         2309    .text               crypto_core.lib(tasn_fre.o)
    0x00006518   0x000008c2   Code   RO         2331    .text               crypto_core.lib(tasn_enc.o)
    0x00006dda   0x0000034e   Code   RO         2419    .text               crypto_core.lib(tasn_new.o)
    0x00007128   0x000006bc   Code   RO         2433    .text               crypto_core.lib(ex_data.o)
    0x000077e4   0x000002ac   Code   RO         2539    .text               crypto_core.lib(rsa_lib.o)
    0x00007a90   0x00000006   Code   RO         2601    .text               crypto_core.lib(err.o)
    0x00007a96   0x00000304   Code   RO         2613    .text               crypto_core.lib(bn_ctx.o)
    0x00007d9a   0x000002be   Code   RO         2666    .text               crypto_core.lib(bn_add.o)
    0x00008058   0x00000548   Code   RO         2695    .text               crypto_core.lib(bn_mont.o)
    0x000085a0   0x000003ac   Code   RO         2721    .text               crypto_core.lib(bn_div.o)
    0x0000894c   0x000002c0   Code   RO         2733    .text               crypto_core.lib(bn_shift.o)
    0x00008c0c   0x0000077c   Code   RO         2774    .text               crypto_core.lib(bn_prime.o)
    0x00009388   0x00000786   Code   RO         2798    .text               crypto_core.lib(bn_gcd.o)
    0x00009b0e   0x00000188   Code   RO         2883    .text               crypto_core.lib(ec_oct.o)
    0x00009c96   0x00000026   Code   RO         2906    .text               crypto_core.lib(ech_key.o)
    0x00009cbc   0x0000026e   Code   RO         3034    .text               crypto_core.lib(rsa_crpt.o)
    0x00009f2a   0x00000224   Code   RO         3133    .text               crypto_core.lib(fips_rand_lib.o)
    0x0000a14e   0x00000066   Code   RO         3163    .text               tzapp_entrylib.lib(qsee_cache_shim.o)
    0x0000a1b4   0x0000031e   Code   RO         3175    .text               crypto_core.lib(ctr_drbg_ossl.o)
    0x0000a4d2   0x00000016   Code   RO         3198    .text               crypto_core.lib(libc_functions.o)
    0x0000a4e8   0x00000028   Code   RO         3215    .text               crypto_core.lib(ech_lib.o)
    0x0000a510   0x00000180   Code   RO         3262    .text               crypto_core.lib(a_object.o)
    0x0000a690   0x000001ac   Code   RO         3275    .text               crypto_core.lib(tasn_utl.o)
    0x0000a83c   0x000000dc   Code   RO         3288    .text               crypto_core.lib(a_type.o)
    0x0000a918   0x00000510   Code   RO         3300    .text               crypto_core.lib(a_int.o)
    0x0000ae28   0x000002e8   Code   RO         3348    .text               crypto_core.lib(a_bitstr.o)
    0x0000b110   0x0000000e   Code   RO         3361    .text               crypto_core.lib(c_all.o)
    0x0000b11e   0x0000007e   Code   RO         3382    .text               crypto_core.lib(names.o)
    0x0000b19c   0x00000068   Code   RO         3396    .text               crypto_core.lib(evp_lib.o)
    0x0000b204   0x0000031e   Code   RO         3408    .text               crypto_core.lib(stack.o)
    0x0000b522   0x000000ba   Code   RO         3424    .text               crypto_core.lib(buffer.o)
    0x0000b5dc   0x0000069c   Code   RO         3508    .text               crypto_core.lib(ecp_oct.o)
    0x0000bc78   0x000002c6   Code   RO         3562    .text               crypto_core.lib(bn_recp.o)
    0x0000bf3e   0x00000fe0   Code   RO         3575    .text               crypto_core.lib(bn_mul.o)
    0x0000cf1e   0x000002bc   Code   RO         3587    .text               crypto_core.lib(bn_sqr.o)
    0x0000d1da   0x00001476   Code   RO         3599    .text               crypto_core.lib(bn_asm.o)
    0x0000e650   0x0000031c   Code   RO         3618    .text               crypto_core.lib(bn_blind.o)
    0x0000e96c   0x00000224   Code   RO         3636    .text               crypto_core.lib(bn_word.o)
    0x0000eb90   0x000001e0   Code   RO         3713    .text               crypto_core.lib(sha1dgst.o)
    0x0000ed70   0x00000016   Code   RO         3732    .text               crypto_core.lib(thr_id.o)
    0x0000ed86   0x00000002   Code   RO         3750    .text               crypto_core.lib(cryptlib.o)
    0x0000ed88   0x0000017e   Code   RO         3792    .text               crypto_core.lib(fips_drbg_rand.o)
    0x0000ef06   0x00000556   Code   RO         3921    .text               crypto_core.lib(ctr_drbg.o)
    0x0000f45c   0x000001ea   Code   RO         3975    .text               crypto_core.lib(bn_kron.o)
    0x0000f646   0x00000002   Code   RO         4040    .text               crypto_core.lib(c_allc.o)
    0x0000f648   0x000001c2   Code   RO         4064    .text               crypto_core.lib(o_names.o)
    0x0000f80a   0x0000012a   Code   RO         4087    .text               crypto_core.lib(obj_lib.o)
    0x0000f934   0x00000044   Code   RO         4123    .text               crypto_core.lib(ec_cvt.o)
    0x0000f978   0x00000168   Code   RO         4171    .text               crypto_core.lib(rsa_ssl.o)
    0x0000fae0   0x0000013c   Code   RO         4192    .text               crypto_core.lib(rsa_x931.o)
    0x0000fc1c   0x000003a4   Code   RO         4204    .text               crypto_core.lib(rsa_oaep.o)
    0x0000ffc0   0x0000008c   Code   RO         4228    .text               crypto_core.lib(rsa_none.o)
    0x0001004c   0x00000242   Code   RO         4240    .text               crypto_core.lib(rsa_pk1.o)
    0x0001028e   0x00000052   Code   RO         4252    .text               crypto_core.lib(fips_lck.o)
    0x000102e0   0x0000005a   Code   RO         4275    .text               crypto_core.lib(fips_mem.o)
    0x0001033a   0x00000052   Code   RO         4296    .text               crypto_core.lib(fips_err.o)
    0x0001038c   0x0000022a   Code   RO         4329    .text               crypto_core.lib(fips_ecdh_selftest.o)
    0x000105b6   0x00000104   Code   RO         4380    .text               crypto_core.lib(fips_ecdsa_selftest.o)
    0x000106ba   0x00000132   Code   RO         4397    .text               crypto_core.lib(fips_hmac_selftest.o)
    0x000107ec   0x00000624   Code   RO         4424    .text               crypto_core.lib(fips_drbg_ctr.o)
    0x00010e10   0x00001794   Code   RO         4516    .text               crypto_core.lib(fips_drbg_selftest.o)
    0x000125a4   0x00000134   Code   RO         4533    .text               crypto_core.lib(fips_rand_selftest.o)
    0x000126d8   0x0000052c   Code   RO         4621    .text               crypto_core.lib(fips_aes_selftest.o)
    0x00012c04   0x0000013e   Code   RO         4637    .text               crypto_core.lib(fips_cmac_selftest.o)
    0x00012d42   0x00000070   Code   RO         4656    .text               crypto_core.lib(fips_des_selftest.o)
    0x00012db2   0x000004ae   Code   RO         4739    .text               crypto_core.lib(e_des3.o)
    0x00013260   0x000003f0   Code   RO         4810    .text               crypto_core.lib(rsa_pss.o)
    0x00013650   0x000000a4   Code   RO         4835    .text               crypto_core.lib(fips_rsa_lib.o)
    0x000136f4   0x00000278   Code   RO         4863    .text               crypto_core.lib(set_key.o)
    0x0001396c   0x00002cf6   Code   RO         4888    .text               crypto_core.lib(des_enc.o)
    0x00016662   0x00000142   Code   RO         4908    .text               crypto_core.lib(ofb64ede.o)
    0x000167a4   0x0000058c   Code   RO         4920    .text               crypto_core.lib(cfb64ede.o)
    0x00016d30   0x00000082   Code   RO         4934    .text               crypto_core.lib(ecb3_enc.o)
    0x00016db2   0x000000ce   Code   RO         4961    .text               crypto_core.lib(ofb128.o)
    0x00016e80   0x0000075a   Code   RO         4975    .text               crypto_core.lib(ccm128.o)
    0x000175da   0x000002c6   Code   RO         4987    .text               crypto_core.lib(xts128.o)
    0x000178a0   0x00000222   Code   RO         5000    .text               crypto_core.lib(ctr128.o)
    0x00017ac2   0x00000362   Code   RO         5013    .text               crypto_core.lib(cfb128.o)
    0x00017e24   0x000001f4   Code   RO         5025    .text               crypto_core.lib(cbc128.o)
    0x00018018   0x00000026   Code   RO         5045    .text               c_2e.l(llushr.o)
    0x0001803e   0x00000052   Code   RO         5063    .text               c_2e.l(_printf_pad.o)
    0x00018090   0x00000052   Code   RO         5065    .text               c_2e.l(_printf_str.o)
    0x000180e2   0x0000000e   Code   RO         5100    i._is_digit         c_2e.l(__printf_wp.o)
    0x000180f0   0x00000000   Code   RO         5115    .ARM.Collect$$_printf_percent$$00000000  c_2e.l(_printf_percent.o)
    0x000180f0   0x00000006   Code   RO         5238    .ARM.Collect$$_printf_percent$$00000001  c_2e.l(_printf_n.o)
    0x000180f6   0x00000006   Code   RO         5239    .ARM.Collect$$_printf_percent$$00000002  c_2e.l(_printf_p.o)
    0x000180fc   0x00000006   Code   RO         5242    .ARM.Collect$$_printf_percent$$00000003  c_2e.l(_printf_f.o)
    0x00018102   0x00000006   Code   RO         5243    .ARM.Collect$$_printf_percent$$00000004  c_2e.l(_printf_e.o)
    0x00018108   0x00000006   Code   RO         5244    .ARM.Collect$$_printf_percent$$00000005  c_2e.l(_printf_g.o)
    0x0001810e   0x00000006   Code   RO         5245    .ARM.Collect$$_printf_percent$$00000006  c_2e.l(_printf_a.o)
    0x00018114   0x0000000a   Code   RO         5250    .ARM.Collect$$_printf_percent$$00000007  c_2e.l(_printf_ll.o)
    0x0001811e   0x00000006   Code   RO         5241    .ARM.Collect$$_printf_percent$$00000008  c_2e.l(_printf_i.o)
    0x00018124   0x00000006   Code   RO         5113    .ARM.Collect$$_printf_percent$$00000009  c_2e.l(_printf_d.o)
    0x0001812a   0x00000006   Code   RO         5114    .ARM.Collect$$_printf_percent$$0000000A  c_2e.l(_printf_u.o)
    0x00018130   0x00000006   Code   RO         5240    .ARM.Collect$$_printf_percent$$0000000B  c_2e.l(_printf_o.o)
    0x00018136   0x00000006   Code   RO         5112    .ARM.Collect$$_printf_percent$$0000000C  c_2e.l(_printf_x.o)
    0x0001813c   0x00000006   Code   RO         5247    .ARM.Collect$$_printf_percent$$0000000D  c_2e.l(_printf_lli.o)
    0x00018142   0x00000006   Code   RO         5248    .ARM.Collect$$_printf_percent$$0000000E  c_2e.l(_printf_lld.o)
    0x00018148   0x00000006   Code   RO         5249    .ARM.Collect$$_printf_percent$$0000000F  c_2e.l(_printf_llu.o)
    0x0001814e   0x00000006   Code   RO         5254    .ARM.Collect$$_printf_percent$$00000010  c_2e.l(_printf_llo.o)
    0x00018154   0x00000006   Code   RO         5255    .ARM.Collect$$_printf_percent$$00000011  c_2e.l(_printf_llx.o)
    0x0001815a   0x0000000a   Code   RO         5251    .ARM.Collect$$_printf_percent$$00000012  c_2e.l(_printf_l.o)
    0x00018164   0x00000006   Code   RO         5110    .ARM.Collect$$_printf_percent$$00000013  c_2e.l(_printf_c.o)
    0x0001816a   0x00000006   Code   RO         5111    .ARM.Collect$$_printf_percent$$00000014  c_2e.l(_printf_s.o)
    0x00018170   0x00000006   Code   RO         5252    .ARM.Collect$$_printf_percent$$00000015  c_2e.l(_printf_lc.o)
    0x00018176   0x00000006   Code   RO         5253    .ARM.Collect$$_printf_percent$$00000016  c_2e.l(_printf_ls.o)
    0x0001817c   0x00000004   Code   RO         5246    .ARM.Collect$$_printf_percent$$00000017  c_2e.l(_printf_percent_end.o)
    0x00018180   0x00000262   Code   RO         5116    .text               c_2e.l(qsortnoex.o)
    0x000183e2   0x00000014   Code   RO         5118    .text               c_2e.l(strchr.o)
    0x000183f6   0x00000024   Code   RO         5120    .text               c_2e.l(strstr.o)
    0x0001841a   0x00000058   Code   RO         5122    .text               c_2e.l(memcmp.o)
    0x00018472   0x00000046   Code   RO         5124    .text               c_2e.l(strcpy.o)
    0x000184b8   0x0000003a   Code   RO         5126    .text               c_2e.l(strlen.o)
    0x000184f2   0x00000010   Code   RO         5138    .text               c_2e.l(aeabi_memset.o)
    0x00018502   0x00000044   Code   RO         5140    .text               c_2e.l(rt_memclr.o)
    0x00018546   0x0000004e   Code   RO         5142    .text               c_2e.l(rt_memclr_w.o)
    0x00018594   0x00000016   Code   RO         5150    .text               c_2e.l(uread4.o)
    0x000185aa   0x00000016   Code   RO         5152    .text               c_2e.l(uwrite4.o)
    0x000185c0   0x00000016   Code   RO         5177    x$fpl$drsb          fz_2s.l(daddsub_clz.o)
    0x000185d6   0x0000002e   Code   RO         5187    x$fpl$dflt          fz_2s.l(dflt_clz.o)
    0x00018604   0x0000006c   Code   RO         5196    x$fpl$drleqf        fz_2s.l(drleqf.o)
    0x00018670   0x00000024   Code   RO         5211    .text               c_2e.l(_printf_truncate.o)
    0x00018694   0x000000b8   Code   RO         5213    .text               c_2e.l(_printf_intcommon.o)
    0x0001874c   0x0000002a   Code   RO         5215    .text               c_2e.l(_printf_charcount.o)
    0x00018776   0x0000000a   Code   RO         5219    .text               c_2e.l(_sputc.o)
    0x00018780   0x00000010   Code   RO         5221    .text               c_2e.l(_snputc.o)
    0x00018790   0x0000002c   Code   RO         5223    .text               c_2e.l(_printf_char.o)
    0x000187bc   0x00000000   Code   RO         5273    .ARM.Collect$$libinit$$00000008  c_2e.l(libinit2.o)
    0x000187bc   0x00000000   Code   RO         5282    .ARM.Collect$$libinit$$00000011  c_2e.l(libinit2.o)
    0x000187bc   0x00000000   Code   RO         5286    .ARM.Collect$$libinit$$00000015  c_2e.l(libinit2.o)
    0x000187bc   0x00000000   Code   RO         5300    .ARM.Collect$$libinit$$00000023  c_2e.l(libinit2.o)
    0x000187bc   0x00000000   Code   RO         5310    .ARM.Collect$$libinit$$00000030  c_2e.l(libinit2.o)
    0x000187bc   0x00000018   Code   RO         5312    x$fpl$dcmpinf       fz_2s.l(dcmpi.o)
    0x000187d4   0x0000009c   Code   RO         5314    x$fpl$dnaninf       fz_2s.l(dnaninf.o)
    0x00018870   0x0000000c   Code   RO         5316    x$fpl$dretinf       fz_2s.l(dretinf.o)
    0x0001887c   0x00000004   Code   RO         5318    x$fpl$printf1       fz_2s.l(printf1.o)
    0x00018880   0x00000000   Code   RO         5320    x$fpl$usenofp       fz_2s.l(usenofp.o)
    0x00018880   0x00000418   Code   RO         5328    .text               c_2e.l(_printf_fp_dec.o)
    0x00018c98   0x0000002c   Code   RO         5332    .text               c_2e.l(_printf_wchar.o)
    0x00018cc4   0x00000008   Code   RO         5334    .text               c_2e.l(ferror.o)
    0x00018ccc   0x0000001a   Code   RO         5337    i.fputc             c_2e.l(fputc.o)
    0x00018ce6   0x00000040   Code   RO         5348    .text               c_2e.l(_wcrtomb.o)
    0x00018d26   0x00000066   Code   RO         5354    .text               c_2e.l(sys_io.o)
    0x00018d8c   0x0000004e   Code   RO         5363    .text               c_2e.l(h1_free.o)
    0x00018dda   0x0000003e   Code   RO         5422    CL$$btod_d2e        c_2e.l(btod.o)
    0x00018e18   0x00000060   Code   RO         5423    CL$$btod_d2e_norm_op1  c_2e.l(btod.o)
    0x00018e78   0x00000046   Code   RO         5424    CL$$btod_d2e_denorm_low  c_2e.l(btod.o)
    0x00018ebe   0x00000028   Code   RO         5425    CL$$btod_emul       c_2e.l(btod.o)
    0x00018ee6   0x00000028   Code   RO         5426    CL$$btod_ediv       c_2e.l(btod.o)
    0x00018f0e   0x000000c6   Code   RO         5429    CL$$btod_e2e        c_2e.l(btod.o)
    0x00018fd4   0x00000244   Code   RO         5431    CL$$btod_mult_common  c_2e.l(btod.o)
    0x00019218   0x00000338   Code   RO         5432    CL$$btod_div_common  c_2e.l(btod.o)
    0x00019550   0x000001de   Code   RO         5444    .text               c_2e.l(flsbuf.o)
    0x0001972e   0x00000046   Code   RO         5446    .text               c_2e.l(setvbuf.o)
    0x00019774   0x0000004c   Code   RO         5451    .text               c_2e.l(fclose.o)
    0x000197c0   0x0000000e   Code   RO         5464    .text               c_2e.l(defsig_rtred_outer.o)
    0x000197ce   0x00000000   Code   RO         5474    .ARM.Collect$$libshutdown$$00000003  c_2e.l(libshutdown2.o)
    0x000197ce   0x00000028   Code   RO         5491    i.__ARM_fpclassify  m_2s.l(fpclassify.o)
    0x000197f6   0x00000002   Code   RO         5493    .text               c_2e.l(use_no_semi.o)
    0x000197f8   0x00000000   Code   RO         5495    .text               c_2e.l(indicate_semi.o)
    0x000197f8   0x00000004   Code   RO         5503    .text               c_2e.l(hguard.o)
    0x000197fc   0x00000088   Code   RO         5507    .text               c_2e.l(init_alloc.o)
    0x00019884   0x0000005e   Code   RO         5513    .text               c_2e.l(h1_alloc.o)
    0x000198e2   0x0000000a   Code   RO         5537    .text               c_2e.l(defsig_exit.o)
    0x000198ec   0x0000000e   Code   RO         5543    .text               c_2e.l(defsig_rtmem_outer.o)
    0x000198fa   0x0000000e   Code   RO         5553    .text               c_2e.l(h1_init.o)
    0x00019908   0x00000032   Code   RO         5555    .text               c_2e.l(h1_extend.o)
    0x0001993a   0x00000046   Code   RO         5565    .text               c_2e.l(ftell.o)
    0x00019980   0x00000032   Code   RO         5573    .text               c_2e.l(defsig_general.o)
    0x000199b2   0x0000000e   Code   RO         5584    .text               c_2e.l(sys_wrch.o)
    0x000199c0   0x0000012c   Code   RO            8    .text               tz_main.o
    0x00019aec   0x00000270   Code   RO          277    .text               tz_key_wrapping.o
    0x00019d5c   0x00004cc2   Code   RO          301    .text               tz_ta_sstorage_service.o
    0x0001ea1e   0x00000002   PAD
    0x0001ea20   0x00000240   Code   RO          402    .text               ss_key_encryption.o
    0x0001ec60   0x00000460   Code   RO          418    .text               ss_discrete_hannover_transform.o
    0x0001f0c0   0x0000085c   Code   RO          492    .text               ss_key_management_skmm_key_generation.o
    0x0001f91c   0x0000100a   Code   RO          516    .text               ss_key_management_lsm.o
    0x00020926   0x00000002   PAD
    0x00020928   0x00000148   Code   RO          536    .text               ss_key_management_helper_functions.o
    0x00020a70   0x00000adc   Code   RO          650    .text               tz_ta_sstorage_secdrv_interface.o
    0x0002154c   0x00000746   Code   RO          749    .text               ss_memory_internal.o
    0x00021c92   0x00000002   PAD
    0x00021c94   0x0000003a   Code   RO          806    .text               ss_SKEIN.o
    0x00021cce   0x00000002   PAD
    0x00021cd0   0x00005dac   Code   RO          907    .text               task.o
    0x00027a7c   0x000009f8   Code   RO          982    .text               ss_parse_ustack.o
    0x00028474   0x00001afe   Code   RO         1002    .text               ss_config.o
    0x00029f72   0x00000002   PAD
    0x00029f74   0x000002bc   Code   RO         1035    .text               gaf.o
    0x0002a230   0x00000520   Code   RO         1058    .text               dmp.o
    0x0002a750   0x000002f4   Code   RO         1077    .text               cache_table.o
    0x0002aa44   0x000002a8   Code   RO         1116    .text               odex.o
    0x0002acec   0x00000590   Code   RO         1134    .text               tz_prng.o
    0x0002b27c   0x00000834   Code   RO         1154    .text               selftest.o
    0x0002bab0   0x00000408   Code   RO         1172    .text               cryptolog.o
    0x0002beb8   0x00000790   Code   RO         1196    .text               ss_mapped_regions_registry.o
    0x0002c648   0x0000025c   Code   RO         1250    .text               asn1.o
    0x0002c8a4   0x0000035c   Code   RO         1285    .text               ECDH.o
    0x0002cc00   0x000000e6   Code   RO         1373    .text               AES.o
    0x0002cce6   0x00000002   PAD
    0x0002cce8   0x00000f08   Code   RO         1433    .text               ss_ta_asymmetric_crypto_api.o
    0x0002dbf0   0x00000190   Code   RO         1506    .text               x_long.o
    0x0002dd80   0x00000374   Code   RO         1537    .text               dsa_asn1.o
    0x0002e0f4   0x00000ab8   Code   RO         1615    .text               dsa_ossl.o
    0x0002ebac   0x00000d18   Code   RO         1679    .text               vmem.o
    0x0002f8c4   0x000001f0   Code   RO         1702    .text               kernel_stack_32.o
    0x0002fab4   0x0000065c   Code   RO         1983    .text               tzapp_entrylib.lib(tzapp_lib_main.o)
    0x00030110   0x0000001e   Code   RO         2028    .text               crypto_core.lib(cryptolib_init.o)
    0x0003012e   0x00000002   PAD
    0x00030130   0x000000cc   Code   RO         2196    .text               crypto_core.lib(mem_clr.o)
    0x000301fc   0x00001180   Code   RO         2221    .text               crypto_core.lib(tasn_dec.o)
    0x0003137c   0x000009e0   Code   RO         2355    .text               crypto_core.lib(tasn_typ.o)
    0x00031d5c   0x00000124   Code   RO         2376    .text               crypto_core.lib(x_bignum.o)
    0x00031e80   0x00000560   Code   RO         2400    .text               crypto_core.lib(asn1_lib.o)
    0x000323e0   0x00000610   Code   RO         2465    .text               crypto_core.lib(mem.o)
    0x000329f0   0x0000049c   Code   RO         2494    .text               crypto_core.lib(rsa_sign.o)
    0x00032e8c   0x00000060   Code   RO         2566    .text               crypto_core.lib(o_fips.o)
    0x00032eec   0x00000dc2   Code   RO         2648    .text               crypto_core.lib(bn_exp.o)
    0x00033cae   0x00000002   PAD
    0x00033cb0   0x000002aa   Code   RO         2683    .text               crypto_core.lib(bn_mod.o)
    0x00033f5a   0x00000002   PAD
    0x00033f5c   0x000002bc   Code   RO         2754    .text               crypto_core.lib(bn_rand.o)
    0x00034218   0x00000872   Code   RO         2810    .text               crypto_core.lib(bn_lib.o)
    0x00034a8a   0x00000002   PAD
    0x00034a8c   0x00000768   Code   RO         2828    .text               crypto_core.lib(ec_key.o)
    0x000351f4   0x00000daa   Code   RO         2859    .text               crypto_core.lib(ec_lib.o)
    0x00035f9e   0x00000002   PAD
    0x00035fa0   0x00000162   Code   RO         2930    .text               crypto_core.lib(m_sha1.o)
    0x00036102   0x00000002   PAD
    0x00036104   0x00000318   Code   RO         2955    .text               crypto_core.lib(hmac.o)
    0x0003641c   0x0000119a   Code   RO         2980    .text               crypto_core.lib(gcm128.o)
    0x000375b6   0x00000002   PAD
    0x000375b8   0x000005c8   Code   RO         3008    .text               crypto_core.lib(rsa_gen.o)
    0x00037b80   0x00000484   Code   RO         3058    .text               crypto_core.lib(sha512.o)
    0x00038004   0x00000358   Code   RO         3081    .text               crypto_core.lib(sha256.o)
    0x0003835c   0x000004cc   Code   RO         3107    .text               crypto_core.lib(fips_md.o)
    0x00038828   0x00001278   Code   RO         3159    .text               crypto_core.lib(aes-armv4-cc.o)
    0x00039aa0   0x0000041e   Code   RO         3241    .text               crypto_core.lib(lhash.o)
    0x00039ebe   0x00000002   PAD
    0x00039ec0   0x000000a8   Code   RO         3315    .text               crypto_core.lib(x_sig.o)
    0x00039f68   0x0000b584   Code   RO         3441    .text               crypto_core.lib(obj_dat.o)
    0x000454ec   0x00000b28   Code   RO         3462    .text               crypto_core.lib(b_print.o)
    0x00046014   0x0000022c   Code   RO         3479    .text               crypto_core.lib(rand_lib.o)
    0x00046240   0x00000076   Code   RO         3528    .text               crypto_core.lib(o_init.o)
    0x000462b6   0x00000002   PAD
    0x000462b8   0x00000d70   Code   RO         3648    .text               crypto_core.lib(ec_mult.o)
    0x00047028   0x0000079c   Code   RO         3661    .text               crypto_core.lib(ec_curve.o)
    0x000477c4   0x00000f9c   Code   RO         3687    .text               crypto_core.lib(rsa_eay.o)
    0x00048760   0x000006c0   Code   RO         3762    .text               crypto_core.lib(fips_drbg_lib.o)
    0x00048e20   0x00000438   Code   RO         3820    .text               crypto_core.lib(fips_rand.o)
    0x00049258   0x000003d0   Code   RO         3854    .text               crypto_core.lib(fips.o)
    0x00049628   0x000004dc   Code   RO         3889    .text               crypto_core.lib(fips_post.o)
    0x00049b04   0x000001d8   Code   RO         3905    .text               crypto_core.lib(armv4-mont-cc.o)
    0x00049cdc   0x00000274   Code   RO         3909    .text               crypto_core.lib(ghash-armv4-cc.o)
    0x00049f50   0x00001050   Code   RO         3913    .text               crypto_core.lib(sha256-armv4-cc.o)
    0x0004afa0   0x000001e0   Code   RO         3940    .text               crypto_core.lib(x_algor.o)
    0x0004b180   0x00000562   Code   RO         3993    .text               crypto_core.lib(bn_sqrt.o)
    0x0004b6e2   0x00000002   PAD
    0x0004b6e4   0x00000098   Code   RO         4012    .text               crypto_core.lib(ecs_asn1.o)
    0x0004b77c   0x00000064   Code   RO         4052    .text               crypto_core.lib(c_alld.o)
    0x0004b7e0   0x00000074   Code   RO         4100    .text               crypto_core.lib(rand_poll_target.o)
    0x0004b854   0x0000027c   Code   RO         4143    .text               crypto_core.lib(ech_ossl.o)
    0x0004bad0   0x000007b8   Code   RO         4310    .text               crypto_core.lib(fips_enc.o)
    0x0004c288   0x0000017c   Code   RO         4357    .text               crypto_core.lib(fips_ecdsa_sign.o)
    0x0004c404   0x000006f0   Code   RO         4449    .text               crypto_core.lib(fips_drbg_ec.o)
    0x0004caf4   0x000004e4   Code   RO         4475    .text               crypto_core.lib(fips_drbg_hmac.o)
    0x0004cfd8   0x000005fc   Code   RO         4503    .text               crypto_core.lib(fips_drbg_hash.o)
    0x0004d5d4   0x00000696   Code   RO         4558    .text               crypto_core.lib(fips_rsa_sign.o)
    0x0004dc6a   0x00000002   PAD
    0x0004dc6c   0x0000012c   Code   RO         4580    .text               crypto_core.lib(fips_rsa_selftest.o)
    0x0004dd98   0x00000064   Code   RO         4598    .text               crypto_core.lib(fips_sha1_selftest.o)
    0x0004ddfc   0x00000004   Ven    RO         4672    .text               crypto_core.lib(sha1-armv4-large-cc.o)
    0x0004de00   0x00000558   Code   RO         4672    .text               crypto_core.lib(sha1-armv4-large-cc.o)
    0x0004e358   0x00000494   Code   RO         4676    .text               crypto_core.lib(cmac.o)
    0x0004e7ec   0x000003f4   Code   RO         4700    .text               crypto_core.lib(ecp_mont.o)
    0x0004ebe0   0x00000824   Code   RO         4714    .text               crypto_core.lib(ecs_ossl.o)
    0x0004f404   0x00001024   Code   RO         4781    .text               crypto_core.lib(e_aes.o)
    0x00050428   0x0000003c   Code   RO         4848    .text               crypto_core.lib(aes_cbc.o)
    0x00050464   0x00001700   Code   RO         4946    .text               crypto_core.lib(ecp_smpl.o)
    0x00051b64   0x00000010   Code   RO         5041    .text               c_2e.l(rt_ctype_table.o)
    0x00051b74   0x00000330   Code   RO         5043    .text               c_2e.l(lludiv5.o)
    0x00051ea4   0x00000034   Code   RO         5047    .text               c_2e.l(c89vsnprintf.o)
    0x00051ed8   0x0000001c   Code   RO         5049    .text               c_2e.l(__2printf.o)
    0x00051ef4   0x0000002c   Code   RO         5051    .text               c_2e.l(__2sprintf.o)
    0x00051f20   0x00000038   Code   RO         5053    .text               c_2e.l(__2snprintf.o)
    0x00051f58   0x00000074   Code   RO         5067    .text               c_2e.l(_printf_dec.o)
    0x00051fcc   0x0000009c   Code   RO         5087    .text               c_2e.l(_printf_hex_int_ll_ptr.o)
    0x00052068   0x00000188   Code   RO         5107    .text               c_2e.l(__printf_flags_ss_wp.o)
    0x000521f0   0x00000030   Code   RO         5128    .text               c_2e.l(memchr.o)
    0x00052220   0x000000f0   Code   RO         5130    .text               c_2e.l(strncmp.o)
    0x00052310   0x0000000c   Code   RO         5132    .text               c_2e.l(memcpy.o)
    0x0005231c   0x00000004   Ven    RO         5134    .text               c_2e.l(rt_memcpy.o)
    0x00052320   0x000000d4   Code   RO         5134    .text               c_2e.l(rt_memcpy.o)
    0x000523f4   0x000000d4   Code   RO         5136    .text               c_2e.l(rt_memmove.o)
    0x000524c8   0x0000007c   Code   RO         5144    .text               c_2e.l(rt_memcpy_w_qsp.o)
    0x00052544   0x0000006c   Code   RO         5146    .text               c_2e.l(strncpy.o)
    0x000525b0   0x00000004   Ven    RO         5148    .text               c_2e.l(strcmp.o)
    0x000525b4   0x000000a0   Code   RO         5148    .text               c_2e.l(strcmp.o)
    0x00052654   0x0000022c   Code   RO         5154    .text               c_2e.l(aeabi_sdivfast_rs.o)
    0x00052880   0x00000030   Code   RO         5155    .text_udiv          c_2e.l(aeabi_sdivfast_rs.o)
    0x000528b0   0x00000024   Code   RO         5173    .text               c_2e.l(init_aeabi.o)
    0x000528d4   0x00000150   Code   RO         5176    x$fpl$dadd          fz_2s.l(daddsub_clz.o)
    0x00052a24   0x000001d4   Code   RO         5178    x$fpl$dsub          fz_2s.l(daddsub_clz.o)
    0x00052bf8   0x0000005e   Code   RO         5182    x$fpl$dfix          fz_2s.l(dfix.o)
    0x00052c56   0x00000002   PAD
    0x00052c58   0x00000078   Code   RO         5192    x$fpl$dleqf         fz_2s.l(dleqf.o)
    0x00052cd0   0x00000154   Code   RO         5194    x$fpl$dmul          fz_2s.l(dmul.o)
    0x00052e24   0x0000000c   Code   RO         5206    .text               c_2e.l(rt_locale.o)
    0x00052e30   0x00000030   Code   RO         5217    .text               c_2e.l(_printf_char_common.o)
    0x00052e60   0x00000024   Code   RO         5225    .text               c_2e.l(_printf_char_file.o)
    0x00052e84   0x000000b8   Code   RO         5227    .text               c_2e.l(_printf_wctomb.o)
    0x00052f3c   0x00000078   Code   RO         5230    .text               c_2e.l(_printf_longlong_dec.o)
    0x00052fb4   0x00000078   Code   RO         5236    .text               c_2e.l(_printf_oct_int_ll.o)
    0x0005302c   0x0000002c   Code   RO         5263    locale$$code        c_2e.l(lc_ctype_c.o)
    0x00053058   0x00000080   Code   RO         5265    .text               c_2e.l(rt_memmove_w.o)
    0x000530d8   0x0000002c   Code   RO         5267    .text               c_2e.l(rtudiv10.o)
    0x00053104   0x00000098   Code   RO         5326    .text               c_2e.l(lludiv10.o)
    0x0005319c   0x0000015c   Code   RO         5340    .text               c_2e.l(initio.o)
    0x000532f8   0x00000080   Code   RO         5417    .text               c_2e.l(_printf_fp_infnan.o)
    0x00053378   0x000000d8   Code   RO         5419    .text               c_2e.l(bigflt0.o)
    0x00053450   0x000000ec   Code   RO         5449    .text               c_2e.l(fopen.o)
    0x0005353c   0x0000002c   Code   RO         5458    locale$$code        c_2e.l(lc_numeric_c.o)
    0x00053568   0x0000000c   Code   RO         5498    .text               c_2e.l(rt_heap_descriptor.o)
    0x00053574   0x000000f8   Code   RO         5529    .text               c_2e.l(fseek.o)
    0x0005366c   0x000000f0   Code   RO         5531    .text               c_2e.l(stdio.o)
    0x0005375c   0x00000034   Code   RO         5541    .text               c_2e.l(defsig_rtred_inner.o)
    0x00053790   0x0000000c   Code   RO         5549    .text               c_2e.l(sys_exit.o)
    0x0005379c   0x00000000   Code   RO         5551    .emb_text           c_2e.l(maybetermalloc1.o)
    0x0005379c   0x00000050   Code   RO         5575    .text               c_2e.l(defsig_rtmem_inner.o)
    0x000537ec   0x00000050   Code   RO         5577    .text               c_2e.l(heapauxa.o)
    0x0005383c   0x0000000c   Code   RO         5586    .text               c_2e.l(rt_errno_addr.o)
    0x00053848   0x000022e8   Code   RO          805    .text               ss_SKEIN.o
    0x00055b30   0x00000010   PAD
    0x00055b40   0x00000738   Code   RO         3917    .text               crypto_core.lib(sha512-armv4-cc.o)
    0x00056278   0x00000088   PAD
    0x00056300   0x000000c4   Code   RO         1980    tzapp_syscall_asm   tzapp_entrylib.lib(tzapp_syscall.o)
    0x000563c4   0x00000008   Ven    RO         5616    Veneer$$Code        anon$$obj.o
    0x000563cc   0x00000008   Ven    RO         5617    Veneer$$Code        anon$$obj.o
    0x000563d4   0x00000008   Ven    RO         5618    Veneer$$Code        anon$$obj.o
    0x000563dc   0x00000008   Ven    RO         5619    Veneer$$Code        anon$$obj.o
    0x000563e4   0x00000008   Ven    RO         5620    Veneer$$Code        anon$$obj.o
    0x000563ec   0x00000013   Data   RO            9    .constdata          tz_main.o
    0x000563ff   0x000000e0   Data   RO          121    .constdata          tz_ta_crypto_static.o
    0x000564df   0x00000103   Data   RO          122    .constdata          tz_ta_crypto_static.o
    0x000565e2   0x00000080   Data   RO          494    .constdata          ss_key_management_skmm_key_generation.o
    0x00056662   0x0000007b   Data   RO          625    .constdata          X509v3_base64_decoder.o
    0x000566dd   0x00000011   Data   RO         1078    .constdata          cache_table.o
    0x000566ee   0x00000013   Data   RO         1117    .constdata          odex.o
    0x00056701   0x0000002c   Data   RO         1591    .constdata          dsa_lib.o
    0x0005672d   0x00000011   Data   RO         2198    .constdata          crypto_core.lib(mem_clr.o)
    0x0005673e   0x00000031   Data   RO         2401    .constdata          crypto_core.lib(asn1_lib.o)
    0x0005676f   0x0000002f   Data   RO         2540    .constdata          crypto_core.lib(rsa_lib.o)
    0x0005679e   0x00000036   Data   RO         2811    .constdata          crypto_core.lib(bn_lib.o)
    0x000567d4   0x00000033   Data   RO         3060    .constdata          crypto_core.lib(sha512.o)
    0x00056807   0x00000033   Data   RO         3083    .constdata          crypto_core.lib(sha256.o)
    0x0005683a   0x00000031   Data   RO         3242    .constdata          crypto_core.lib(lhash.o)
    0x0005686b   0x00000031   Data   RO         3409    .constdata          crypto_core.lib(stack.o)
    0x0005689c   0x00000030   Data   RO         3714    .constdata          crypto_core.lib(sha1dgst.o)
    0x000568cc   0x00000020   Data   RO         3922    .constdata          crypto_core.lib(ctr_drbg.o)
    0x000568ec   0x00000060   Data   RO         4381    .constdata          crypto_core.lib(fips_ecdsa_selftest.o)
    0x0005694c   0x00003524   Data   RO         4517    .constdata          crypto_core.lib(fips_drbg_selftest.o)
    0x00059e70   0x000005a9   Data   RO         4581    .constdata          crypto_core.lib(fips_rsa_selftest.o)
    0x0005a419   0x000000f0   Data   RO         4599    .constdata          crypto_core.lib(fips_sha1_selftest.o)
    0x0005a509   0x000001fb   Data   RO         4622    .constdata          crypto_core.lib(fips_aes_selftest.o)
    0x0005a704   0x00000050   Data   RO         4657    .constdata          crypto_core.lib(fips_des_selftest.o)
    0x0005a754   0x00000028   Data   RO         5088    .constdata          c_2e.l(_printf_hex_int_ll_ptr.o)
    0x0005a77c   0x00000011   Data   RO         5108    .constdata          c_2e.l(__printf_flags_ss_wp.o)
    0x0005a78d   0x00000004   Data   RO         5355    .constdata          c_2e.l(sys_io.o)
    0x0005a791   0x00000004   Data   RO         5356    .constdata          c_2e.l(sys_io.o)
    0x0005a795   0x00000004   Data   RO         5357    .constdata          c_2e.l(sys_io.o)
    0x0005a799   0x00000001   PAD
    0x0005a79a   0x00001000   Data   RO         2775    .constdata          crypto_core.lib(bn_prime.o)
    0x0005b79a   0x00000002   PAD
    0x0005b79c   0x000000f8   Data   RO          278    .constdata          tz_key_wrapping.o
    0x0005b894   0x0000180c   Data   RO          303    .constdata          tz_ta_sstorage_service.o
    0x0005d0a0   0x000000f3   Data   RO          403    .constdata          ss_key_encryption.o
    0x0005d193   0x00000001   PAD
    0x0005d194   0x000001c8   Data   RO          517    .constdata          ss_key_management_lsm.o
    0x0005d35c   0x00000056   Data   RO          537    .constdata          ss_key_management_helper_functions.o
    0x0005d3b2   0x00000002   PAD
    0x0005d3b4   0x000000ea   Data   RO          652    .constdata          tz_ta_sstorage_secdrv_interface.o
    0x0005d49e   0x00000002   PAD
    0x0005d4a0   0x0000043c   Data   RO          751    .constdata          ss_memory_internal.o
    0x0005d8dc   0x00001859   Data   RO          910    .constdata          task.o
    0x0005f135   0x00000003   PAD
    0x0005f138   0x00000170   Data   RO          984    .constdata          ss_parse_ustack.o
    0x0005f2a8   0x00000420   Data   RO         1003    .constdata          ss_config.o
    0x0005f6c8   0x00000133   Data   RO         1037    .constdata          gaf.o
    0x0005f7fb   0x00000001   PAD
    0x0005f7fc   0x0000024c   Data   RO         1060    .constdata          dmp.o
    0x0005fa48   0x0000004d   Data   RO         1136    .constdata          tz_prng.o
    0x0005fa95   0x00000003   PAD
    0x0005fa98   0x0000087a   Data   RO         1155    .constdata          selftest.o
    0x00060312   0x00000002   PAD
    0x00060314   0x000004f0   Data   RO         1198    .constdata          ss_mapped_regions_registry.o
    0x00060804   0x000000ac   Data   RO         1286    .constdata          ECDH.o
    0x000608b0   0x00000160   Data   RO         1434    .constdata          ss_ta_asymmetric_crypto_api.o
    0x00060a10   0x0000009c   Data   RO         1459    .constdata          dsa_gen.o
    0x00060aac   0x00000097   Data   RO         1538    .constdata          dsa_asn1.o
    0x00060b43   0x00000001   PAD
    0x00060b44   0x00000096   Data   RO         1592    .constdata          dsa_lib.o
    0x00060bda   0x00000002   PAD
    0x00060bdc   0x00000097   Data   RO         1616    .constdata          dsa_ossl.o
    0x00060c73   0x00000001   PAD
    0x00060c74   0x000003a9   Data   RO         1681    .constdata          vmem.o
    0x0006101d   0x00000003   PAD
    0x00061020   0x00000058   Data   RO         1703    .constdata          kernel_stack_32.o
    0x00061078   0x00000085   Data   RO         2174    .constdata          crypto_core.lib(pd_rand.o)
    0x000610fd   0x00000003   PAD
    0x00061100   0x00000080   Data   RO         2222    .constdata          crypto_core.lib(tasn_dec.o)
    0x00061180   0x0000007a   Data   RO         2258    .constdata          crypto_core.lib(a_dup.o)
    0x000611fa   0x00000002   PAD
    0x000611fc   0x00000080   Data   RO         2332    .constdata          crypto_core.lib(tasn_enc.o)
    0x0006127c   0x00000080   Data   RO         2402    .constdata          crypto_core.lib(asn1_lib.o)
    0x000612fc   0x00000080   Data   RO         2420    .constdata          crypto_core.lib(tasn_new.o)
    0x0006137c   0x00000078   Data   RO         2434    .constdata          crypto_core.lib(ex_data.o)
    0x000613f4   0x0000008c   Data   RO         2466    .constdata          crypto_core.lib(mem.o)
    0x00061480   0x00000094   Data   RO         2495    .constdata          crypto_core.lib(rsa_sign.o)
    0x00061514   0x0000007c   Data   RO         2541    .constdata          crypto_core.lib(rsa_lib.o)
    0x00061590   0x00000094   Data   RO         2614    .constdata          crypto_core.lib(bn_ctx.o)
    0x00061624   0x000000b4   Data   RO         2649    .constdata          crypto_core.lib(bn_exp.o)
    0x000616d8   0x00000094   Data   RO         2696    .constdata          crypto_core.lib(bn_mont.o)
    0x0006176c   0x0000009c   Data   RO         2755    .constdata          crypto_core.lib(bn_rand.o)
    0x00061808   0x000001ac   Data   RO         2812    .constdata          crypto_core.lib(bn_lib.o)
    0x000619b4   0x000000a8   Data   RO         2829    .constdata          crypto_core.lib(ec_key.o)
    0x00061a5c   0x000000c8   Data   RO         2860    .constdata          crypto_core.lib(ec_lib.o)
    0x00061b24   0x00000094   Data   RO         2957    .constdata          crypto_core.lib(hmac.o)
    0x00061bb8   0x000000b6   Data   RO         2981    .constdata          crypto_core.lib(gcm128.o)
    0x00061c6e   0x00000002   PAD
    0x00061c70   0x00000098   Data   RO         3009    .constdata          crypto_core.lib(rsa_gen.o)
    0x00061d08   0x000000ac   Data   RO         3061    .constdata          crypto_core.lib(sha512.o)
    0x00061db4   0x000000ac   Data   RO         3084    .constdata          crypto_core.lib(sha256.o)
    0x00061e60   0x000000a8   Data   RO         3108    .constdata          crypto_core.lib(fips_md.o)
    0x00061f08   0x0000007c   Data   RO         3243    .constdata          crypto_core.lib(lhash.o)
    0x00061f84   0x00000080   Data   RO         3263    .constdata          crypto_core.lib(a_object.o)
    0x00062004   0x0000007d   Data   RO         3276    .constdata          crypto_core.lib(tasn_utl.o)
    0x00062081   0x00000003   PAD
    0x00062084   0x0000007c   Data   RO         3301    .constdata          crypto_core.lib(a_int.o)
    0x00062100   0x00000080   Data   RO         3349    .constdata          crypto_core.lib(a_bitstr.o)
    0x00062180   0x0000007c   Data   RO         3410    .constdata          crypto_core.lib(stack.o)
    0x000621fc   0x00000080   Data   RO         3425    .constdata          crypto_core.lib(buffer.o)
    0x0006227c   0x000041c8   Data   RO         3442    .constdata          crypto_core.lib(obj_dat.o)
    0x00066444   0x0000007c   Data   RO         3463    .constdata          crypto_core.lib(b_print.o)
    0x000664c0   0x00000094   Data   RO         3481    .constdata          crypto_core.lib(rand_lib.o)
    0x00066554   0x00000094   Data   RO         3563    .constdata          crypto_core.lib(bn_recp.o)
    0x000665e8   0x00000095   Data   RO         3619    .constdata          crypto_core.lib(bn_blind.o)
    0x0006667d   0x00000003   PAD
    0x00066680   0x000000ac   Data   RO         3649    .constdata          crypto_core.lib(ec_mult.o)
    0x0006672c   0x000010fc   Data   RO         3662    .constdata          crypto_core.lib(ec_curve.o)
    0x00067828   0x000000f8   Data   RO         3688    .constdata          crypto_core.lib(rsa_eay.o)
    0x00067920   0x000000ac   Data   RO         3763    .constdata          crypto_core.lib(fips_drbg_lib.o)
    0x000679cc   0x000000c0   Data   RO         3822    .constdata          crypto_core.lib(fips_rand.o)
    0x00067a8c   0x0000008c   Data   RO         3856    .constdata          crypto_core.lib(fips.o)
    0x00067b18   0x000000ac   Data   RO         3890    .constdata          crypto_core.lib(fips_post.o)
    0x00067bc4   0x00000020   Data   RO         3976    .constdata          crypto_core.lib(bn_kron.o)
    0x00067be4   0x0000007f   Data   RO         4065    .constdata          crypto_core.lib(o_names.o)
    0x00067c63   0x00000001   PAD
    0x00067c64   0x00000080   Data   RO         4088    .constdata          crypto_core.lib(obj_lib.o)
    0x00067ce4   0x00000097   Data   RO         4144    .constdata          crypto_core.lib(ech_ossl.o)
    0x00067d7b   0x00000001   PAD
    0x00067d7c   0x00000098   Data   RO         4205    .constdata          crypto_core.lib(rsa_oaep.o)
    0x00067e14   0x0000010c   Data   RO         4311    .constdata          crypto_core.lib(fips_enc.o)
    0x00067f20   0x00000147   Data   RO         4330    .constdata          crypto_core.lib(fips_ecdh_selftest.o)
    0x00068067   0x00000001   PAD
    0x00068068   0x000000ec   Data   RO         4358    .constdata          crypto_core.lib(fips_ecdsa_sign.o)
    0x00068154   0x00000174   Data   RO         4398    .constdata          crypto_core.lib(fips_hmac_selftest.o)
    0x000682c8   0x000001e0   Data   RO         4450    .constdata          crypto_core.lib(fips_drbg_ec.o)
    0x000684a8   0x000000b3   Data   RO         4476    .constdata          crypto_core.lib(fips_drbg_hmac.o)
    0x0006855b   0x00000001   PAD
    0x0006855c   0x000000bc   Data   RO         4504    .constdata          crypto_core.lib(fips_drbg_hash.o)
    0x00068618   0x000001b8   Data   RO         4559    .constdata          crypto_core.lib(fips_rsa_sign.o)
    0x000687d0   0x000002c0   Data   RO         4638    .constdata          crypto_core.lib(fips_cmac_selftest.o)
    0x00068a90   0x000000ec   Data   RO         4677    .constdata          crypto_core.lib(cmac.o)
    0x00068b7c   0x000000c8   Data   RO         4782    .constdata          crypto_core.lib(e_aes.o)
    0x00068c44   0x000000a0   Data   RO         4811    .constdata          crypto_core.lib(rsa_pss.o)
    0x00068ce4   0x00000098   Data   RO         4836    .constdata          crypto_core.lib(fips_rsa_lib.o)
    0x00068d7c   0x000009c0   Data   RO         4864    .constdata          crypto_core.lib(set_key.o)
    0x0006973c   0x00000800   Data   RO         4889    .constdata          crypto_core.lib(des_enc.o)
    0x00069f3c   0x00000095   Data   RO         4947    .constdata          crypto_core.lib(ecp_smpl.o)
    0x00069fd1   0x00000003   PAD
    0x00069fd4   0x00000004   Data   RO         4988    .constdata          crypto_core.lib(xts128.o)
    0x00069fd8   0x00000004   Data   RO         5001    .constdata          crypto_core.lib(ctr128.o)
    0x00069fdc   0x00000008   Data   RO         5228    .constdata          c_2e.l(_printf_wctomb.o)
    0x00069fe4   0x00000110   Data   RO         5262    locale$$data        c_2e.l(lc_ctype_c.o)
    0x0006a0f4   0x00000094   Data   RO         5420    .constdata          c_2e.l(bigflt0.o)
    0x0006a188   0x0000001c   Data   RO         5457    locale$$data        c_2e.l(lc_numeric_c.o)
    0x0006a1a4   0x00000004   PAD
    0x0006a1a8   0x00000080   Data   RO          807    .constdata          ss_SKEIN.o
    0x0006a228   0x00000004   Data   RO         1039    .init_array         gaf.o
    0x0006a22c   0x00000004   Data   RO         1508    .init_array         x_long.o
    0x0006a230   0x00000004   Data   RO         1540    .init_array         dsa_asn1.o
    0x0006a234   0x00000004   Data   RO         1618    .init_array         dsa_ossl.o
    0x0006a238   0x00000004   Data   RO         1986    .init_array         tzapp_entrylib.lib(tzapp_lib_main.o)
    0x0006a23c   0x00000004   Data   RO         2357    .init_array         crypto_core.lib(tasn_typ.o)
    0x0006a240   0x00000004   Data   RO         2378    .init_array         crypto_core.lib(x_bignum.o)
    0x0006a244   0x00000004   Data   RO         2436    .init_array         crypto_core.lib(ex_data.o)
    0x0006a248   0x00000004   Data   RO         2468    .init_array         crypto_core.lib(mem.o)
    0x0006a24c   0x00000004   Data   RO         2814    .init_array         crypto_core.lib(bn_lib.o)
    0x0006a250   0x00000004   Data   RO         2932    .init_array         crypto_core.lib(m_sha1.o)
    0x0006a254   0x00000004   Data   RO         3110    .init_array         crypto_core.lib(fips_md.o)
    0x0006a258   0x00000004   Data   RO         3178    .init_array         crypto_core.lib(ctr_drbg_ossl.o)
    0x0006a25c   0x00000004   Data   RO         3317    .init_array         crypto_core.lib(x_sig.o)
    0x0006a260   0x00000004   Data   RO         3444    .init_array         crypto_core.lib(obj_dat.o)
    0x0006a264   0x00000004   Data   RO         3530    .init_array         crypto_core.lib(o_init.o)
    0x0006a268   0x00000004   Data   RO         3664    .init_array         crypto_core.lib(ec_curve.o)
    0x0006a26c   0x00000004   Data   RO         3690    .init_array         crypto_core.lib(rsa_eay.o)
    0x0006a270   0x00000004   Data   RO         3795    .init_array         crypto_core.lib(fips_drbg_rand.o)
    0x0006a274   0x00000004   Data   RO         3824    .init_array         crypto_core.lib(fips_rand.o)
    0x0006a278   0x00000004   Data   RO         3942    .init_array         crypto_core.lib(x_algor.o)
    0x0006a27c   0x00000004   Data   RO         4014    .init_array         crypto_core.lib(ecs_asn1.o)
    0x0006a280   0x00000004   Data   RO         4146    .init_array         crypto_core.lib(ech_ossl.o)
    0x0006a284   0x00000004   Data   RO         4277    .init_array         crypto_core.lib(fips_mem.o)
    0x0006a288   0x00000004   Data   RO         4313    .init_array         crypto_core.lib(fips_enc.o)
    0x0006a28c   0x00000004   Data   RO         4332    .init_array         crypto_core.lib(fips_ecdh_selftest.o)
    0x0006a290   0x00000004   Data   RO         4383    .init_array         crypto_core.lib(fips_ecdsa_selftest.o)
    0x0006a294   0x00000004   Data   RO         4519    .init_array         crypto_core.lib(fips_drbg_selftest.o)
    0x0006a298   0x00000004   Data   RO         4702    .init_array         crypto_core.lib(ecp_mont.o)
    0x0006a29c   0x00000004   Data   RO         4716    .init_array         crypto_core.lib(ecs_ossl.o)
    0x0006a2a0   0x00000004   Data   RO         4741    .init_array         crypto_core.lib(e_des3.o)
    0x0006a2a4   0x00000004   Data   RO         4784    .init_array         crypto_core.lib(e_aes.o)
    0x0006a2a8   0x00000004   Data   RO         4949    .init_array         crypto_core.lib(ecp_smpl.o)



  Load Region TZ_TEST_APP_DATA (Base: 0x0006b000, Size: 0x000082dc, Max: 0xffffffff, PI)

    Execution Region TZ_APP_RW (Base: 0x0006b000, Size: 0x00017b5c, Max: 0xffffffff, PI)

    Base Addr    Size         Type   Attr      Idx    E Section Name        Object

    0x0006b000   0x00000004   Data   RW         5611    PDT$$ptr            anon$$obj.o
    0x0006b004   0x0000000c   Data   RW           10    .data               tz_main.o
    0x0006b010   0x00000008   Data   RW           11    .data               tz_main.o
    0x0006b018   0x00000027   Data   RW          279    .data               tz_key_wrapping.o
    0x0006b03f   0x00000001   PAD
    0x0006b040   0x0000000c   Data   RW          304    .data               tz_ta_sstorage_service.o
    0x0006b04c   0x00000138   Data   RW          441    .data               ss_lable_processing.o
    0x0006b184   0x00000050   Data   RW          653    .data               tz_ta_sstorage_secdrv_interface.o
    0x0006b1d4   0x00000004   Data   RW          669    .data               stub_secdrv.o
    0x0006b1d8   0x00000004   Data   RW          752    .data               ss_memory_internal.o
    0x0006b1dc   0x00000100   Data   RW          837    .data               ss_SHORT_SHA256.o
    0x0006b2dc   0x00000004   Data   RW          865    .data               ss_helper_functions.o
    0x0006b2e0   0x00000020   Data   RW          890    .data               ss_key_generation.o
    0x0006b300   0x00000010   Data   RW          911    .data               task.o
    0x0006b310   0x00000008   Data   RW          985    .data               ss_parse_ustack.o
    0x0006b318   0x00000008   Data   RW         1004    .data               ss_config.o
    0x0006b320   0x00000008   Data   RW         1038    .data               gaf.o
    0x0006b328   0x00000004   Data   RW         1079    .data               cache_table.o
    0x0006b32c   0x00000050   Data   RW         1156    .data               selftest.o
    0x0006b37c   0x00000004   Data   RW         1174    .data               cryptolog.o
    0x0006b380   0x00000004   Data   RW         1199    .data               ss_mapped_regions_registry.o
    0x0006b384   0x00000004   Data   RW         1214    .data               dumpdrv_hw_hal.o
    0x0006b388   0x0000003c   Data   RW         1507    .data               x_long.o
    0x0006b3c4   0x000001e4   Data   RW         1539    .data               dsa_asn1.o
    0x0006b5a8   0x00000004   Data   RW         1593    .data               dsa_lib.o
    0x0006b5ac   0x00000030   Data   RW         1617    .data               dsa_ossl.o
    0x0006b5dc   0x00000004   Data   RW         1682    .data               vmem.o
    0x0006b5e0   0x00000004   Data   RW         1683    .data               vmem.o
    0x0006b5e4   0x00000004   Data   RW         1684    .data               vmem.o
    0x0006b5e8   0x00000024   Data   RW         1685    .data               vmem.o
    0x0006b60c   0x00000004   Data   RW         1686    .data               vmem.o
    0x0006b610   0x00000004   Data   RW         1687    .data               vmem.o
    0x0006b614   0x00000056   Data   RW         1985    .data               tzapp_entrylib.lib(tzapp_lib_main.o)
    0x0006b66a   0x00000002   PAD
    0x0006b66c   0x00000004   Data   RW         2175    .data               crypto_core.lib(pd_rand.o)
    0x0006b670   0x00000001   Data   RW         2199    .data               crypto_core.lib(mem_clr.o)
    0x0006b671   0x00000003   PAD
    0x0006b674   0x0000031c   Data   RW         2356    .data               crypto_core.lib(tasn_typ.o)
    0x0006b990   0x00000058   Data   RW         2377    .data               crypto_core.lib(x_bignum.o)
    0x0006b9e8   0x00000024   Data   RW         2435    .data               crypto_core.lib(ex_data.o)
    0x0006ba0c   0x0000003c   Data   RW         2467    .data               crypto_core.lib(mem.o)
    0x0006ba48   0x00000004   Data   RW         2542    .data               crypto_core.lib(rsa_lib.o)
    0x0006ba4c   0x00000034   Data   RW         2813    .data               crypto_core.lib(bn_lib.o)
    0x0006ba80   0x0000017c   Data   RW         2931    .data               crypto_core.lib(m_sha1.o)
    0x0006bbfc   0x0000004c   Data   RW         3109    .data               crypto_core.lib(fips_md.o)
    0x0006bc48   0x0000000c   Data   RW         3134    .data               crypto_core.lib(fips_rand_lib.o)
    0x0006bc54   0x0000001c   Data   RW         3177    .data               crypto_core.lib(ctr_drbg_ossl.o)
    0x0006bc70   0x00000004   Data   RW         3216    .data               crypto_core.lib(ech_lib.o)
    0x0006bc74   0x00000044   Data   RW         3316    .data               crypto_core.lib(x_sig.o)
    0x0006bcb8   0x0000564c   Data   RW         3443    .data               crypto_core.lib(obj_dat.o)
    0x00071304   0x00000010   Data   RW         3482    .data               crypto_core.lib(rand_lib.o)
    0x00071314   0x00000004   Data   RW         3529    .data               crypto_core.lib(o_init.o)
    0x00071318   0x00000190   Data   RW         3663    .data               crypto_core.lib(ec_curve.o)
    0x000714a8   0x00000038   Data   RW         3689    .data               crypto_core.lib(rsa_eay.o)
    0x000714e0   0x00000004   Data   RW         3764    .data               crypto_core.lib(fips_drbg_lib.o)
    0x000714e4   0x00000018   Data   RW         3794    .data               crypto_core.lib(fips_drbg_rand.o)
    0x000714fc   0x0000001c   Data   RW         3823    .data               crypto_core.lib(fips_rand.o)
    0x00071518   0x00000020   Data   RW         3857    .data               crypto_core.lib(fips.o)
    0x00071538   0x0000000c   Data   RW         3891    .data               crypto_core.lib(fips_post.o)
    0x00071544   0x00000074   Data   RW         3941    .data               crypto_core.lib(x_algor.o)
    0x000715b8   0x00000044   Data   RW         4013    .data               crypto_core.lib(ecs_asn1.o)
    0x000715fc   0x00000008   Data   RW         4066    .data               crypto_core.lib(o_names.o)
    0x00071604   0x00000028   Data   RW         4145    .data               crypto_core.lib(ech_ossl.o)
    0x0007162c   0x00000008   Data   RW         4253    .data               crypto_core.lib(fips_lck.o)
    0x00071634   0x00000008   Data   RW         4276    .data               crypto_core.lib(fips_mem.o)
    0x0007163c   0x00000008   Data   RW         4297    .data               crypto_core.lib(fips_err.o)
    0x00071644   0x00000034   Data   RW         4312    .data               crypto_core.lib(fips_enc.o)
    0x00071678   0x00000034   Data   RW         4331    .data               crypto_core.lib(fips_ecdh_selftest.o)
    0x000716ac   0x00000020   Data   RW         4382    .data               crypto_core.lib(fips_ecdsa_selftest.o)
    0x000716cc   0x00000021   Data   RW         4425    .data               crypto_core.lib(fips_drbg_ctr.o)
    0x000716ed   0x00000002   Data   RW         4477    .data               crypto_core.lib(fips_drbg_hmac.o)
    0x000716ef   0x00000001   PAD
    0x000716f0   0x000011ac   Data   RW         4518    .data               crypto_core.lib(fips_drbg_selftest.o)
    0x0007289c   0x000000d8   Data   RW         4534    .data               crypto_core.lib(fips_rand_selftest.o)
    0x00072974   0x0000009c   Data   RW         4701    .data               crypto_core.lib(ecp_mont.o)
    0x00072a10   0x00000030   Data   RW         4715    .data               crypto_core.lib(ecs_ossl.o)
    0x00072a40   0x00000208   Data   RW         4740    .data               crypto_core.lib(e_des3.o)
    0x00072c48   0x000005e4   Data   RW         4783    .data               crypto_core.lib(e_aes.o)
    0x0007322c   0x00000004   Data   RW         4865    .data               crypto_core.lib(set_key.o)
    0x00073230   0x0000009c   Data   RW         4948    .data               crypto_core.lib(ecp_smpl.o)
    0x000732cc   0x00000004   Data   RW         5259    .data               c_2e.l(stdio_streams.o)
    0x000732d0   0x00000004   Data   RW         5260    .data               c_2e.l(stdio_streams.o)
    0x000732d4   0x00000004   Data   RW         5261    .data               c_2e.l(stdio_streams.o)
    0x000732d8   0x00000004   Data   RW         5578    .data               c_2e.l(heapauxa.o)
    0x000732dc   0x00000640   Zero   RW          246    .bss                stub_secrsa.o
    0x0007391c   0x0000631c   Zero   RW          302    .bss                tz_ta_sstorage_service.o
    0x00079c38   0x00001000   Zero   RW          364    .bss                ss_key_destruction.o
    0x0007ac38   0x00000080   Zero   RW          440    .bss                ss_lable_processing.o
    0x0007acb8   0x0000012c   Zero   RW          493    .bss                ss_key_management_skmm_key_generation.o
    0x0007ade4   0x00002158   Zero   RW          651    .bss                tz_ta_sstorage_secdrv_interface.o
    0x0007cf3c   0x00000042   Zero   RW          750    .bss                ss_memory_internal.o
    0x0007cf7e   0x00000002   PAD
    0x0007cf80   0x00002138   Zero   RW          908    .bss                task.o
    0x0007f0b8   0x00000fb4   Zero   RW          909    .bss                task.o
    0x0008006c   0x0000130c   Zero   RW          983    .bss                ss_parse_ustack.o
    0x00081378   0x00000090   Zero   RW         1036    .bss                gaf.o
    0x00081408   0x0000000b   Zero   RW         1059    .bss                dmp.o
    0x00081413   0x00000005   PAD
    0x00081418   0x00000078   Zero   RW         1135    .bss                tz_prng.o
    0x00081490   0x00000ac4   Zero   RW         1173    .bss                cryptolog.o
    0x00081f54   0x00000004   PAD
    0x00081f58   0x00000188   Zero   RW         1197    .bss                ss_mapped_regions_registry.o
    0x000820e0   0x00000042   Zero   RW         1680    .bss                vmem.o
    0x00082122   0x00000002   PAD
    0x00082124   0x00000168   Zero   RW         1984    .bss                tzapp_entrylib.lib(tzapp_lib_main.o)
    0x0008228c   0x00000081   Zero   RW         2197    .bss                crypto_core.lib(mem_clr.o)
    0x0008230d   0x00000040   Zero   RW         2956    .bss                crypto_core.lib(hmac.o)
    0x0008234d   0x00000070   Zero   RW         3059    .bss                crypto_core.lib(sha512.o)
    0x000823bd   0x0000003c   Zero   RW         3082    .bss                crypto_core.lib(sha256.o)
    0x000823f9   0x00000007   PAD
    0x00082400   0x00000088   Zero   RW         3176    .bss                crypto_core.lib(ctr_drbg_ossl.o)
    0x00082488   0x00000010   Zero   RW         3480    .bss                crypto_core.lib(rand_lib.o)
    0x00082498   0x0000041c   Zero   RW         3793    .bss                crypto_core.lib(fips_drbg_rand.o)
    0x000828b4   0x00000150   Zero   RW         3821    .bss                crypto_core.lib(fips_rand.o)
    0x00082a04   0x00000040   Zero   RW         3855    .bss                crypto_core.lib(fips.o)
    0x00082a44   0x00000014   Zero   RW         5207    .bss                c_2e.l(rt_locale.o)
    0x00082a58   0x00000054   Zero   RW         5256    .bss                c_2e.l(stdio_streams.o)
    0x00082aac   0x00000054   Zero   RW         5257    .bss                c_2e.l(stdio_streams.o)
    0x00082b00   0x00000054   Zero   RW         5258    .bss                c_2e.l(stdio_streams.o)
    0x00082b54   0x00000004   Zero   RW         5499    .bss                c_2e.l(rt_heap_descriptor.o)
    0x00082b58   0x00000004   Zero   RW         5587    .bss                c_2e.l(rt_errno_addr.o)


    Execution Region TZ_APP_STACK (Base: 0x00082b5c, Size: 0x0000a000, Max: 0x0000a000, PI, UNINIT)

    Base Addr    Size         Type   Attr      Idx    E Section Name        Object

    0x00082b5c   0x0000a000   Zero   RW            1    TZ_APP_STACK.bss    anon$$obj.o


    Execution Region TZ_APP_HEAP (Base: 0x0008cb5c, Size: 0x00100000, Max: 0x00100000, PI, UNINIT)

    Base Addr    Size         Type   Attr      Idx    E Section Name        Object

    0x0008cb5c   0x00100000   Zero   RW            2    TZ_APP_HEAP.bss     anon$$obj.o


==============================================================================

Image component sizes


      Code (inc. data)   RO Data    RW Data    ZI Data      Debug   Object Name

       230          0          0          0          0       4005   AES.o
       860         68        172          0          0      25973   ECDH.o
       606          0          0          0          0      16446   RSA.o
       410          0        123          0          0       3371   X509v3_base64_decoder.o
      1538          0          0          0          0       4725   X509v3_verify.o
       604         14          0          0          0       4800   asn1.o
       756         68         17          4          0       6061   cache_table.o
      1032        136          0          4       2756       5534   cryptolog.o
      1312        190        588          0         11       4824   dmp.o
       884         62        155        484          0      20438   dsa_asn1.o
      2880          0        156          0          0      32596   dsa_gen.o
       226          0          0          0          0       9560   dsa_key.o
       556          0        194          4          0      15848   dsa_lib.o
      2744         20        155         48          0      23414   dsa_ossl.o
        16          0          0          0          0       8433   dsa_sign.o
        10          0          0          0          0       7572   dsa_vrf.o
       130          0          0          4          0       2834   dumpdrv_hw_hal.o
       700        134        311          8        144       5848   gaf.o
        24          0          0          0          0       1770   gen_entropy.o
       496        134         88          0          0       3439   kernel_stack_32.o
       680        142         19          0          0       2213   odex.o
       198         30          0          0          0        882   opcode.o
      2100        322       2170         80          0       8021   selftest.o
        46          0          0          0          0       1149   ss_CryptoCore_init.o
        36          0          0          0          0       2926   ss_SHA256.o
        36          0          0          0          0       1954   ss_SHA512.o
      4498          0          0        256          0      10337   ss_SHORT_SHA256.o
      8994          0        128          0          0      18099   ss_SKEIN.o
        42          0          0          0          0       5103   ss_aes.o
       452          0          0          0          0       5646   ss_asn1.o
      6910        186       1056          8          0      16023   ss_config.o
      1120        128          0          0          0       3745   ss_discrete_hannover_transform.o
       100          0          0          0          0       2200   ss_encoder.o
        26          0          0          0          0       1351   ss_fips.o
       400          0          0          0          0       5488   ss_hash.o
        28          0          0          4          0       1492   ss_helper_functions.o
       132          0          0          0       4096       1944   ss_key_destruction.o
       576          6        243          0          0       3865   ss_key_encryption.o
       252          0          0         32          0       3263   ss_key_generation.o
       348          0          0          0          0       6798   ss_key_management.o
       328          4         86          0          0       4106   ss_key_management_helper_functions.o
       478          0          0          0          0       3172   ss_key_management_hmac_key_generation.o
      4106        270        456          0          0      12188   ss_key_management_lsm.o
       218          0          0          0          0       2548   ss_key_management_provisioned_key_wrapper.o
      2140         56        128          0        300      11193   ss_key_management_skmm_key_generation.o
      1020          0          0          0          0       6877   ss_key_management_wrapper.o
      3530          0          0        312        128       6655   ss_lable_processing.o
      1936        144       1264          4        392       6920   ss_mapped_regions_registry.o
      1862         72       1084          4         66       7483   ss_memory_internal.o
       312          0          0          0          0       2625   ss_memory_management.o
      2552        328        368          8       4876       9951   ss_parse_ustack.o
       350          0          0          0          0       4433   ss_process_ss_id.o
      3848        132        352          0          0      15092   ss_ta_asymmetric_crypto_api.o
       178          0          0          4          0       6996   stub_secdrv.o
        14          0          0          0       1600       5059   stub_secrsa.o
     23980       2424       6233         16      12524      60575   task.o
       624         62        248         39          0       5725   tz_key_wrapping.o
       300         68         19         20          0      12754   tz_main.o
      1424          4         77          0        120       7493   tz_prng.o
      1714          0          0          0          0      11204   tz_ta_crypto_api_common.o
       622          0        483          0          0      97784   tz_ta_crypto_static.o
      2780         22        234         80       8536      11437   tz_ta_sstorage_secdrv_interface.o
     19650       1124       6156         12      25372      51643   tz_ta_sstorage_service.o
       124          0          0          0          0        684   tzapp_entry.o
      3352        388        937         56         66      11639   vmem.o
       400          8          4         60          0      47434   x_long.o

    ----------------------------------------------------------------------
    120898       6746      23725       1556    1150536     733660   Object Totals
        40          0          0          4    1089536          0   (incl. Generated)
        28          0         21          1         13          0   (incl. Padding)

    ----------------------------------------------------------------------

      Code (inc. data)   RO Data    RW Data    ZI Data      Debug   Library Member Name

        28          6          0          0          0         84   __2printf.o
        56          6          0          0          0         88   __2snprintf.o
        44          6          0          0          0         84   __2sprintf.o
       392          6         17          0          0         88   __printf_flags_ss_wp.o
        14          0          0          0          0         68   __printf_wp.o
         6          0          0          0          0          0   _printf_a.o
         6          0          0          0          0          0   _printf_c.o
        44          0          0          0          0        108   _printf_char.o
        48          6          0          0          0         96   _printf_char_common.o
        36          4          0          0          0         80   _printf_char_file.o
        42          0          0          0          0         68   _printf_charcount.o
         6          0          0          0          0          0   _printf_d.o
       116         18          0          0          0         92   _printf_dec.o
         6          0          0          0          0          0   _printf_e.o
         6          0          0          0          0          0   _printf_f.o
      1048          0          0          0          0        208   _printf_fp_dec.o
       128         16          0          0          0         84   _printf_fp_infnan.o
         6          0          0          0          0          0   _printf_g.o
       156          6         40          0          0        160   _printf_hex_int_ll_ptr.o
         6          0          0          0          0          0   _printf_i.o
       184          0          0          0          0         88   _printf_intcommon.o
        10          0          0          0          0          0   _printf_l.o
         6          0          0          0          0          0   _printf_lc.o
        10          0          0          0          0          0   _printf_ll.o
         6          0          0          0          0          0   _printf_lld.o
         6          0          0          0          0          0   _printf_lli.o
         6          0          0          0          0          0   _printf_llo.o
         6          0          0          0          0          0   _printf_llu.o
         6          0          0          0          0          0   _printf_llx.o
       120         16          0          0          0         92   _printf_longlong_dec.o
         6          0          0          0          0          0   _printf_ls.o
         6          0          0          0          0          0   _printf_n.o
         6          0          0          0          0          0   _printf_o.o
       120          8          0          0          0        124   _printf_oct_int_ll.o
         6          0          0          0          0          0   _printf_p.o
        82          0          0          0          0        108   _printf_pad.o
         0          0          0          0          0          0   _printf_percent.o
         4          0          0          0          0          0   _printf_percent_end.o
         6          0          0          0          0          0   _printf_s.o
        82          0          0          0          0         80   _printf_str.o
        36          0          0          0          0         84   _printf_truncate.o
         6          0          0          0          0          0   _printf_u.o
        44          0          0          0          0        108   _printf_wchar.o
       184          6          8          0          0         88   _printf_wctomb.o
         6          0          0          0          0          0   _printf_x.o
        16          0          0          0          0         68   _snputc.o
        10          0          0          0          0         68   _sputc.o
        64          0          0          0          0         92   _wcrtomb.o
        16          0          0          0          0         64   aeabi_memset.o
       604          0          0          0          0        136   aeabi_sdivfast_rs.o
       216          6        148          0          0         96   bigflt0.o
      1910        128          0          0          0        640   btod.o
        52          6          0          0          0         80   c89vsnprintf.o
        10          0          0          0          0         68   defsig_exit.o
        50          0          0          0          0         88   defsig_general.o
        80         58          0          0          0         76   defsig_rtmem_inner.o
        14          0          0          0          0         80   defsig_rtmem_outer.o
        52         38          0          0          0         76   defsig_rtred_inner.o
        14          0          0          0          0         80   defsig_rtred_outer.o
        76          0          0          0          0         88   fclose.o
         8          0          0          0          0         68   ferror.o
       478          0          0          0          0         88   flsbuf.o
       236          4          0          0          0        128   fopen.o
        26          0          0          0          0         68   fputc.o
       248          4          0          0          0         84   fseek.o
        70          0          0          0          0         76   ftell.o
        94          0          0          0          0         80   h1_alloc.o
        50          0          0          0          0         68   h1_extend.o
        78          0          0          0          0         80   h1_free.o
        14          0          0          0          0         84   h1_init.o
        80          4          0          4          0         96   heapauxa.o
         4          0          0          0          0        136   hguard.o
         0          0          0          0          0          0   indicate_semi.o
        36         10          0          0          0         80   init_aeabi.o
       136          0          0          0          0        168   init_alloc.o
       348         44          0          0          0        112   initio.o
        44         10        272          0          0         72   lc_ctype_c.o
        44         10         28          0          0         72   lc_numeric_c.o
         0          0          0          0          0          0   libinit2.o
         0          0          0          0          0          0   libshutdown2.o
       152          0          0          0          0         76   lludiv10.o
       816         64          0          0          0         80   lludiv5.o
        38          0          0          0          0         64   llushr.o
         0          0          0          0          0          0   maybetermalloc1.o
        48          0          0          0          0         68   memchr.o
        88          0          0          0          0         76   memcmp.o
        12          0          0          0          0         72   memcpy.o
       610          0          0          0          0        132   qsortnoex.o
        16          4          0          0          0         72   rt_ctype_table.o
        12          4          0          0          4         64   rt_errno_addr.o
        12          4          0          0          4         64   rt_heap_descriptor.o
        12          4          0          0         20         64   rt_locale.o
        68          0          0          0          0         64   rt_memclr.o
        78          0          0          0          0         76   rt_memclr_w.o
       216          0          0          0          0         64   rt_memcpy.o
       124          0          0          0          0         92   rt_memcpy_w_qsp.o
       212          0          0          0          0         64   rt_memmove.o
       128          0          0          0          0         76   rt_memmove_w.o
        44          0          0          0          0         64   rtudiv10.o
        70          0          0          0          0         80   setvbuf.o
       240          6          0          0          0        156   stdio.o
         0          0          0         12        252          0   stdio_streams.o
        20          0          0          0          0         68   strchr.o
       164          4          0          0          0         76   strcmp.o
        70          0          0          0          0         80   strcpy.o
        58          0          0          0          0         68   strlen.o
       240          4          0          0          0         80   strncmp.o
       108          4          0          0          0         72   strncpy.o
        36          0          0          0          0         80   strstr.o
        12          4          0          0          0         68   sys_exit.o
       102          0         12          0          0        240   sys_io.o
        14          0          0          0          0         76   sys_wrch.o
        22          0          0          0          0         64   uread4.o
         2          0          0          0          0         64   use_no_semi.o
        22          0          0          0          0         64   uwrite4.o
       744          0        128          0          0       4764   a_bitstr.o
       180          0        122          0          0      57693   a_dup.o
      1296          0        124          0          0       7476   a_int.o
       384          0        128          0          0       2783   a_object.o
       220         10          0          0          0       2859   a_type.o
      4728       2628          0          0          0       1384   aes-armv4-cc.o
        60          0          0          0          0       1599   aes_cbc.o
       472          4          0          0          0        684   armv4-mont-cc.o
      1376         34        177          0          0      11043   asn1_lib.o
      2856         68        124          0          0       9593   b_print.o
       702          0          0          0          0      10500   bn_add.o
      5238          0          0          0          0      14738   bn_asm.o
       796          0        149          0          0      12334   bn_blind.o
       772          0        148          0          0      16082   bn_ctx.o
       940          0          0          0          0       4818   bn_div.o
      3522         12        180          0          0      22380   bn_exp.o
      1926          0          0          0          0       9234   bn_gcd.o
       490          0         32          0          0       6875   bn_kron.o
      2162         12        486         52          0      15081   bn_lib.o
       682          0          0          0          0       7122   bn_mod.o
      1352          0        148          0          0      18085   bn_mont.o
      4064         30          0          0          0      13598   bn_mul.o
      1916          0       4096          0          0      16928   bn_prime.o
       700          4        156          0          0      10808   bn_rand.o
       710          0        148          0          0       5535   bn_recp.o
       704          0          0          0          0      10268   bn_shift.o
       700          0          0          0          0       4575   bn_sqr.o
      1378          0          0          0          0      10826   bn_sqrt.o
       548          0          0          0          0       4419   bn_word.o
       186          0        128          0          0       6733   buffer.o
        14          0          0          0          0      10368   c_all.o
         2          0          0          0          0        530   c_allc.o
       100         46          0          0          0       1558   c_alld.o
       500          0          0          0          0       2352   cbc128.o
      1882          0          0          0          0       7909   ccm128.o
       866          0          0          0          0       3871   cfb128.o
      1420         40          0          0          0       4560   cfb64ede.o
      1172         48        236          0          0      16875   cmac.o
         2          0          0          0          0        690   cryptlib.o
        30          0          0          0          0      71293   cryptolib_init.o
       546          0          4          0          0       3822   ctr128.o
      1366          0         32          0          0       7829   ctr_drbg.o
       798          0          4         28        136       7863   ctr_drbg_ossl.o
     11510         40       2048          0          0      28029   des_enc.o
      4132         18        204       1508          0      34425   e_aes.o
      1198          0          4        520          0      25627   e_des3.o
      1948        756       4352        400          0      17513   ec_curve.o
        68          0          0          0          0      12954   ec_cvt.o
      1896         40        168          0          0      41207   ec_key.o
      3498         30        200          0          0      36809   ec_lib.o
      3440          8        172          0          0      12918   ec_mult.o
       392          0          0          0          0      14980   ec_oct.o
       130          0          0          0          0       2008   ecb3_enc.o
        38          0          0          0          0      10724   ech_key.o
        40          0          0          4          0      10634   ech_lib.o
       636         22        155         40          0      17668   ech_ossl.o
      1012          0          4        156          0       6317   ecp_mont.o
      1692          0          0          0          0      18399   ecp_oct.o
      5888          0        153        156          0      27792   ecp_smpl.o
       152         22          4         68          0      13858   ecs_asn1.o
      2084         26          4         48          0      19014   ecs_ossl.o
         6          0          0          0          0        983   err.o
       104          0          0          0          0       3476   evp_lib.o
      1724          0        124         36          0      17222   ex_data.o
       976        212        140         32         64      18867   fips.o
      1324          0        507          0          0       6142   fips_aes_selftest.o
       318          0        704          0          0       3381   fips_cmac_selftest.o
       112          0         80          0          0       1968   fips_des_selftest.o
      1572          0          0         33          0      19501   fips_drbg_ctr.o
      1776         22        480          0          0      22356   fips_drbg_ec.o
      1532         46        188          0          0       7694   fips_drbg_hash.o
      1252         18        179          2          0      19922   fips_drbg_hmac.o
      1728         12        172          4          0      24812   fips_drbg_lib.o
       382          0          4         24       1052      16421   fips_drbg_rand.o
      6036          0      13608       4524          0      39505   fips_drbg_selftest.o
       554          0        331         52          0      14433   fips_ecdh_selftest.o
       260          0        100         32          0       2930   fips_ecdsa_selftest.o
       380          4        236          0          0      13566   fips_ecdsa_sign.o
      1976        420        272         52          0       8930   fips_enc.o
        82          0          0          8          0       2186   fips_err.o
       306          0        372          0          0      13217   fips_hmac_selftest.o
        82          0          0          8          0      12369   fips_lck.o
      1228        246        172         76          0      16351   fips_md.o
        90          0          4          8          0       2346   fips_mem.o
      1244         46        172         12          0       8738   fips_post.o
      1080         38        196         28        336      16927   fips_rand.o
       548          0          0         12          0      15587   fips_rand_lib.o
       308          0          0        216          0       3209   fips_rand_selftest.o
       164          0        152          0          0       1921   fips_rsa_lib.o
       300         18       1449          0          0       3056   fips_rsa_selftest.o
      1686         30        440          0          0      20650   fips_rsa_sign.o
       100         12        240          0          0      11601   fips_sha1_selftest.o
      4506          0        182          0          0      15141   gcm128.o
       628         32          0          0          0        832   ghash-armv4-cc.o
       792         68        148          0         64      15874   hmac.o
      1054          0        173          0          0       6988   lhash.o
        22          0          0          0          0       1293   libc_functions.o
       354          0          4        380          0      15596   m_sha1.o
      1552          6        144         60          0      10513   mem.o
       204         16         17          1        129       1762   mem_clr.o
       126          0          0          0          0       2295   names.o
        96         38          0          0          0      13578   o_fips.o
       118          0          4          4          0        818   o_init.o
       450          0        127          8          0       4814   o_names.o
     46468      21714      16844      22092          0      13714   obj_dat.o
       298          0        128          0          0       2358   obj_lib.o
       206          0          0          0          0       2689   ofb128.o
       322          0          0          0          0       2422   ofb64ede.o
        58          0        133          4          0       1134   pd_rand.o
       556         20        148         16         16      14794   rand_lib.o
       116         26          0          0          0        764   rand_poll_target.o
       622          0          0          0          0      15044   rsa_crpt.o
      3996         28        252         56          0      25048   rsa_eay.o
      1480         24        152          0          0      18158   rsa_gen.o
       684          0        171          4          0      14924   rsa_lib.o
       140          0          0          0          0       1376   rsa_none.o
       932          0        152          0          0      16724   rsa_oaep.o
       578          0          0          0          0       3394   rsa_pk1.o
      1008          0        160          0          0      17154   rsa_pss.o
      1180         12        148          0          0      49677   rsa_sign.o
       360          0          0          0          0       2144   rsa_ssl.o
       316          0          0          0          0       2218   rsa_x931.o
       632          0       2496          4          0       4652   set_key.o
      1372         16          0          0          0        940   sha1-armv4-large-cc.o
       480          0         48          0          0       6026   sha1dgst.o
      4176        256          0          0          0       1632   sha256-armv4-cc.o
       856          6        223          0         60       7206   sha256.o
      1848        640          0          0          0        892   sha512-armv4-cc.o
      1156          4        223          0        112       5402   sha512.o
       798          0        173          0          0       7976   stack.o
      4480         48        128          0          0      42160   tasn_dec.o
      2242         20        128          0          0      23790   tasn_enc.o
       608          8          0          0          0      14058   tasn_fre.o
       846         16        128          0          0       5550   tasn_new.o
      2528        466          4        796          0      38093   tasn_typ.o
       428          0        125          0          0       5223   tasn_utl.o
        22          0          0          0          0       6717   thr_id.o
       480         62          4        116          0      25813   x_algor.o
       292          8          4         88          0      13291   x_bignum.o
       168         28          4         68          0      23119   x_sig.o
       710          0          4          0          0       2909   xts128.o
       826         16          0          0          0        356   daddsub_clz.o
        24          0          0          0          0         68   dcmpi.o
        94          4          0          0          0         92   dfix.o
        46          0          0          0          0         68   dflt_clz.o
       120          4          0          0          0         92   dleqf.o
       340         12          0          0          0        104   dmul.o
       156          4          0          0          0         92   dnaninf.o
        12          0          0          0          0         68   dretinf.o
       108          0          0          0          0         80   drleqf.o
         4          0          0          0          0         68   printf1.o
         0          0          0          0          0          0   usenofp.o
        40          0          0          0          0         68   fpclassify.o
       102          0          0          0          0       1429   qsee_cache_shim.o
       966          0          0          0          0      13273   qsee_crypto_shim.o
      1628         12          4         86        360      23680   tzapp_lib_main.o
       196          0          0          0          0        676   tzapp_syscall.o
      2518          0          0          0          0      72670   prxy_services.o

    ----------------------------------------------------------------------
    232362      29164      57875      31944       2616    1831161   Library Totals
       160          0         27          6          7          0   (incl. Padding)

    ----------------------------------------------------------------------

      Code (inc. data)   RO Data    RW Data    ZI Data      Debug   Library Name

     12192        528        525         16        280       8108   c_2e.l
    212830      28584      57319      31836       1969    1710169   crypto_core.lib
      1730         40          0          0          0       1088   fz_2s.l
        40          0          0          0          0         68   m_2s.l
      2892         12          4         86        360      39058   tzapp_entrylib.lib
      2518          0          0          0          0      72670   tzlib_proxy.lib

    ----------------------------------------------------------------------
    232362      29164      57875      31944       2616    1831161   Library Totals

    ----------------------------------------------------------------------

==============================================================================


      Code (inc. data)   RO Data    RW Data    ZI Data      Debug   

    353260      35910      81600      33500    1153152    2546429   Grand Totals
    353260      35910      81600      33500    1153152    2546429   ELF Image Totals
    353260      35910      81600      33500          0          0   ROM Totals

==============================================================================

    Total RO  Size (Code + RO Data)               434860 ( 424.67kB)
    Total RW  Size (RW Data + ZI Data)           1186652 (1158.84kB)
    Total ROM Size (Code + RO Data + RW Data)     468360 ( 457.38kB)

==============================================================================

