ARM Linker, 5.01 [Build 94] 

==============================================================================

Image Symbol Table

    Local Symbols

    Symbol Name                              Value     Ov Type        Size  Object(Section)

    TZAPPENTRYCODE                           0x00000000   Section      124  tzapp_entry.o(TZAPPENTRYCODE)
    ../clib/angel/rt.s                       0x00000000   Number         0  rt_ctype_table.o ABSOLUTE
    ../clib/angel/rt.s                       0x00000000   Number         0  rt_div0.o ABSOLUTE
    ../clib/angel/rt.s                       0x00000000   Number         0  rt_raise.o ABSOLUTE
    ../clib/angel/rt.s                       0x00000000   Number         0  rt_heap_descriptor.o ABSOLUTE
    ../clib/angel/rt.s                       0x00000000   Number         0  rt_heap_descriptor_intlibspace.o ABSOLUTE
    ../clib/angel/rt.s                       0x00000000   Number         0  aeabi_ldiv0.o ABSOLUTE
    ../clib/angel/rt.s                       0x00000000   Number         0  aeabi_ldiv0_sigfpe.o ABSOLUTE
    ../clib/angel/rt.s                       0x00000000   Number         0  rt_errno_addr.o ABSOLUTE
    ../clib/angel/rt.s                       0x00000000   Number         0  aeabi_idiv0.o ABSOLUTE
    ../clib/angel/rt.s                       0x00000000   Number         0  rt_locale_intlibspace.o ABSOLUTE
    ../clib/angel/rt.s                       0x00000000   Number         0  rt_locale.o ABSOLUTE
    ../clib/angel/rt.s                       0x00000000   Number         0  aeabi_idiv0_sigfpe.o ABSOLUTE
    ../clib/angel/rt.s                       0x00000000   Number         0  rt_errno_addr_intlibspace.o ABSOLUTE
    ../clib/angel/sys.s                      0x00000000   Number         0  libspace.o ABSOLUTE
    ../clib/angel/sys.s                      0x00000000   Number         0  mutex_dummy.o ABSOLUTE
    ../clib/angel/sys.s                      0x00000000   Number         0  indicate_semi.o ABSOLUTE
    ../clib/angel/sys.s                      0x00000000   Number         0  use_no_semi.o ABSOLUTE
    ../clib/angel/sysapp.c                   0x00000000   Number         0  sys_exit.o ABSOLUTE
    ../clib/angel/sysapp.c                   0x00000000   Number         0  sys_io.o ABSOLUTE
    ../clib/angel/sysapp.c                   0x00000000   Number         0  getenv.o ABSOLUTE
    ../clib/angel/sysapp.c                   0x00000000   Number         0  sys_wrch.o ABSOLUTE
    ../clib/arm_runtime.c                    0x00000000   Number         0  init_aeabi.o ABSOLUTE
    ../clib/arm_runtime.c                    0x00000000   Number         0  init_aeabi.o ABSOLUTE
    ../clib/armsys.c                         0x00000000   Number         0  _get_argv.o ABSOLUTE
    ../clib/armsys.c                         0x00000000   Number         0  no_argv.o ABSOLUTE
    ../clib/armsys.c                         0x00000000   Number         0  argv_veneer.o ABSOLUTE
    ../clib/armsys.c                         0x00000000   Number         0  argv_veneer.o ABSOLUTE
    ../clib/armsys.c                         0x00000000   Number         0  _get_argv_nomalloc.o ABSOLUTE
    ../clib/assert.c                         0x00000000   Number         0  assert_stdio.o ABSOLUTE
    ../clib/bigflt.c                         0x00000000   Number         0  bigflt0.o ABSOLUTE
    ../clib/btod.s                           0x00000000   Number         0  btod.o ABSOLUTE
    ../clib/division.s                       0x00000000   Number         0  rtudiv10.o ABSOLUTE
    ../clib/division.s                       0x00000000   Number         0  aeabi_sdivfast_rs.o ABSOLUTE
    ../clib/division.s                       0x00000000   Number         0  aeabi_sdivfast_rs_div0.o ABSOLUTE
    ../clib/divrt.s                          0x00000000   Number         0  divrt_9e_div0.o ABSOLUTE
    ../clib/divrt.s                          0x00000000   Number         0  divrt_9e.o ABSOLUTE
    ../clib/heap1.c                          0x00000000   Number         0  h1_free.o ABSOLUTE
    ../clib/heap1.c                          0x00000000   Number         0  h1_free_mt.o ABSOLUTE
    ../clib/heap1.c                          0x00000000   Number         0  h1_alloc.o ABSOLUTE
    ../clib/heap1.c                          0x00000000   Number         0  h1_alloc_mt.o ABSOLUTE
    ../clib/heap1.c                          0x00000000   Number         0  h1_final.o ABSOLUTE
    ../clib/heap1.c                          0x00000000   Number         0  h1_init_mt.o ABSOLUTE
    ../clib/heap1.c                          0x00000000   Number         0  h1_extend.o ABSOLUTE
    ../clib/heap1.c                          0x00000000   Number         0  h1_init.o ABSOLUTE
    ../clib/heap1.c                          0x00000000   Number         0  h1_final_mt.o ABSOLUTE
    ../clib/heap1.c                          0x00000000   Number         0  h1_extend_mt.o ABSOLUTE
[...]
    0x00003e8a   0x000000fc   Code   RO          890    .text               ss_key_generation.o
    0x00003f86   0x000000c6   Code   RO         1029    .text               opcode.o
    0x0000404c   0x0000002a   Code   RO         1102    .text               ss_aes.o
    0x00004076   0x000000a4   Code   RO         1223    .text               dumpdrv_hw_hal.o
    0x0000411a   0x000001c4   Code   RO         1240    .text               ss_asn1.o
    0x000042de   0x00000064   Code   RO         1283    .text               ss_encoder.o
    0x00004342   0x0000025e   Code   RO         1341    .text               RSA.o
    0x000045a0   0x0000001a   Code   RO         1397    .text               ss_fips.o
    0x000045ba   0x0000002e   Code   RO         1423    .text               ss_CryptoCore_init.o
    0x000045e8   0x00000b40   Code   RO         1468    .text               dsa_gen.o
    0x00005128   0x000000e2   Code   RO         1577    .text               dsa_key.o
    0x0000520a   0x0000022c   Code   RO         1600    .text               dsa_lib.o
    0x00005436   0x00000010   Code   RO         1651    .text               dsa_sign.o
    0x00005446   0x0000000a   Code   RO         1669    .text               dsa_vrf.o
    0x00005450   0x000009d6   Code   RO         1727    .text               tzlib_proxy.lib(prxy_services.o)
    0x00005e26   0x000003c6   Code   RO         1968    .text               tzapp_entrylib.lib(qsee_crypto_shim.o)
    0x000061ec   0x0000003a   Code   RO         2185    .text               crypto_core.lib(pd_rand.o)
    0x00006226   0x000000b4   Code   RO         2269    .text               crypto_core.lib(a_dup.o)
    0x000062da   0x00000260   Code   RO         2321    .text               crypto_core.lib(tasn_fre.o)
    0x0000653a   0x000008c2   Code   RO         2343    .text               crypto_core.lib(tasn_enc.o)
    0x00006dfc   0x0000034e   Code   RO         2431    .text               crypto_core.lib(tasn_new.o)
    0x0000714a   0x000006bc   Code   RO         2445    .text               crypto_core.lib(ex_data.o)
    0x00007806   0x000002ac   Code   RO         2551    .text               crypto_core.lib(rsa_lib.o)
    0x00007ab2   0x00000006   Code   RO         2613    .text               crypto_core.lib(err.o)
    0x00007ab8   0x00000304   Code   RO         2625    .text               crypto_core.lib(bn_ctx.o)
    0x00007dbc   0x000002be   Code   RO         2678    .text               crypto_core.lib(bn_add.o)
    0x0000807a   0x00000548   Code   RO         2707    .text               crypto_core.lib(bn_mont.o)
    0x000085c2   0x000003ac   Code   RO         2733    .text               crypto_core.lib(bn_div.o)
    0x0000896e   0x000002c0   Code   RO         2745    .text               crypto_core.lib(bn_shift.o)
    0x00008c2e   0x0000077c   Code   RO         2786    .text               crypto_core.lib(bn_prime.o)
    0x000093aa   0x00000786   Code   RO         2810    .text               crypto_core.lib(bn_gcd.o)
    0x00009b30   0x00000188   Code   RO         2895    .text               crypto_core.lib(ec_oct.o)
    0x00009cb8   0x00000026   Code   RO         2918    .text               crypto_core.lib(ech_key.o)
    0x00009cde   0x0000026e   Code   RO         3046    .text               crypto_core.lib(rsa_crpt.o)
    0x00009f4c   0x00000224   Code   RO         3145    .text               crypto_core.lib(fips_rand_lib.o)
    0x0000a170   0x00000066   Code   RO         3175    .text               tzapp_entrylib.lib(qsee_cache_shim.o)
    0x0000a1d6   0x0000031e   Code   RO         3187    .text               crypto_core.lib(ctr_drbg_ossl.o)
    0x0000a4f4   0x00000016   Code   RO         3210    .text               crypto_core.lib(libc_functions.o)
    0x0000a50a   0x00000028   Code   RO         3227    .text               crypto_core.lib(ech_lib.o)
    0x0000a532   0x00000180   Code   RO         3274    .text               crypto_core.lib(a_object.o)
    0x0000a6b2   0x000001ac   Code   RO         3287    .text               crypto_core.lib(tasn_utl.o)
    0x0000a85e   0x000000dc   Code   RO         3300    .text               crypto_core.lib(a_type.o)
    0x0000a93a   0x00000510   Code   RO         3312    .text               crypto_core.lib(a_int.o)
    0x0000ae4a   0x000002e8   Code   RO         3360    .text               crypto_core.lib(a_bitstr.o)
    0x0000b132   0x0000000e   Code   RO         3373    .text               crypto_core.lib(c_all.o)
    0x0000b140   0x0000007e   Code   RO         3394    .text               crypto_core.lib(names.o)
    0x0000b1be   0x00000068   Code   RO         3408    .text               crypto_core.lib(evp_lib.o)
    0x0000b226   0x0000031e   Code   RO         3420    .text               crypto_core.lib(stack.o)
    0x0000b544   0x000000ba   Code   RO         3436    .text               crypto_core.lib(buffer.o)
    0x0000b5fe   0x0000069c   Code   RO         3520    .text               crypto_core.lib(ecp_oct.o)
    0x0000bc9a   0x000002c6   Code   RO         3574    .text               crypto_core.lib(bn_recp.o)
    0x0000bf60   0x00000fe0   Code   RO         3587    .text               crypto_core.lib(bn_mul.o)
    0x0000cf40   0x000002bc   Code   RO         3599    .text               crypto_core.lib(bn_sqr.o)
    0x0000d1fc   0x00001476   Code   RO         3611    .text               crypto_core.lib(bn_asm.o)
    0x0000e672   0x0000031c   Code   RO         3630    .text               crypto_core.lib(bn_blind.o)
    0x0000e98e   0x00000224   Code   RO         3648    .text               crypto_core.lib(bn_word.o)
    0x0000ebb2   0x000001e0   Code   RO         3725    .text               crypto_core.lib(sha1dgst.o)
    0x0000ed92   0x00000016   Code   RO         3744    .text               crypto_core.lib(thr_id.o)
    0x0000eda8   0x00000002   Code   RO         3762    .text               crypto_core.lib(cryptlib.o)
    0x0000edaa   0x0000017e   Code   RO         3804    .text               crypto_core.lib(fips_drbg_rand.o)
    0x0000ef28   0x00000556   Code   RO         3933    .text               crypto_core.lib(ctr_drbg.o)
    0x0000f47e   0x000001ea   Code   RO         3987    .text               crypto_core.lib(bn_kron.o)
    0x0000f668   0x00000002   Code   RO         4052    .text               crypto_core.lib(c_allc.o)
    0x0000f66a   0x000001c2   Code   RO         4076    .text               crypto_core.lib(o_names.o)
    0x0000f82c   0x0000012a   Code   RO         4099    .text               crypto_core.lib(obj_lib.o)
    0x0000f956   0x00000044   Code   RO         4135    .text               crypto_core.lib(ec_cvt.o)
    0x0000f99a   0x00000168   Code   RO         4183    .text               crypto_core.lib(rsa_ssl.o)
    0x0000fb02   0x0000013c   Code   RO         4204    .text               crypto_core.lib(rsa_x931.o)
    0x0000fc3e   0x000003a4   Code   RO         4216    .text               crypto_core.lib(rsa_oaep.o)
    0x0000ffe2   0x0000008c   Code   RO         4240    .text               crypto_core.lib(rsa_none.o)
    0x0001006e   0x00000242   Code   RO         4252    .text               crypto_core.lib(rsa_pk1.o)
    0x000102b0   0x00000052   Code   RO         4264    .text               crypto_core.lib(fips_lck.o)
    0x00010302   0x0000005a   Code   RO         4287    .text               crypto_core.lib(fips_mem.o)
    0x0001035c   0x00000052   Code   RO         4308    .text               crypto_core.lib(fips_err.o)
    0x000103ae   0x0000022a   Code   RO         4341    .text               crypto_core.lib(fips_ecdh_selftest.o)
    0x000105d8   0x00000104   Code   RO         4392    .text               crypto_core.lib(fips_ecdsa_selftest.o)
    0x000106dc   0x00000132   Code   RO         4409    .text               crypto_core.lib(fips_hmac_selftest.o)
    0x0001080e   0x00000624   Code   RO         4436    .text               crypto_core.lib(fips_drbg_ctr.o)
    0x00010e32   0x00001794   Code   RO         4528    .text               crypto_core.lib(fips_drbg_selftest.o)
    0x000125c6   0x00000134   Code   RO         4545    .text               crypto_core.lib(fips_rand_selftest.o)
    0x000126fa   0x0000052c   Code   RO         4633    .text               crypto_core.lib(fips_aes_selftest.o)
    0x00012c26   0x0000013e   Code   RO         4649    .text               crypto_core.lib(fips_cmac_selftest.o)
    0x00012d64   0x00000070   Code   RO         4668    .text               crypto_core.lib(fips_des_selftest.o)
    0x00012dd4   0x000004ae   Code   RO         4751    .text               crypto_core.lib(e_des3.o)
    0x00013282   0x000003f0   Code   RO         4822    .text               crypto_core.lib(rsa_pss.o)
    0x00013672   0x000000a4   Code   RO         4847    .text               crypto_core.lib(fips_rsa_lib.o)
    0x00013716   0x00000278   Code   RO         4875    .text               crypto_core.lib(set_key.o)
    0x0001398e   0x00002cf6   Code   RO         4900    .text               crypto_core.lib(des_enc.o)
    0x00016684   0x00000142   Code   RO         4920    .text               crypto_core.lib(ofb64ede.o)
    0x000167c6   0x0000058c   Code   RO         4932    .text               crypto_core.lib(cfb64ede.o)
    0x00016d52   0x00000082   Code   RO         4946    .text               crypto_core.lib(ecb3_enc.o)
    0x00016dd4   0x000000ce   Code   RO         4973    .text               crypto_core.lib(ofb128.o)
    0x00016ea2   0x0000075a   Code   RO         4987    .text               crypto_core.lib(ccm128.o)
    0x000175fc   0x000002c6   Code   RO         4999    .text               crypto_core.lib(xts128.o)
    0x000178c2   0x00000222   Code   RO         5012    .text               crypto_core.lib(ctr128.o)
    0x00017ae4   0x00000362   Code   RO         5025    .text               crypto_core.lib(cfb128.o)
    0x00017e46   0x000001f4   Code   RO         5037    .text               crypto_core.lib(cbc128.o)
    0x0001803a   0x00000026   Code   RO         5057    .text               c_2e.l(llushr.o)
    0x00018060   0x00000052   Code   RO         5075    .text               c_2e.l(_printf_pad.o)
    0x000180b2   0x00000052   Code   RO         5077    .text               c_2e.l(_printf_str.o)
    0x00018104   0x0000000e   Code   RO         5112    i._is_digit         c_2e.l(__printf_wp.o)
    0x00018112   0x00000000   Code   RO         5127    .ARM.Collect$$_printf_percent$$00000000  c_2e.l(_printf_percent.o)
    0x00018112   0x00000006   Code   RO         5250    .ARM.Collect$$_printf_percent$$00000001  c_2e.l(_printf_n.o)
    0x00018118   0x00000006   Code   RO         5251    .ARM.Collect$$_printf_percent$$00000002  c_2e.l(_printf_p.o)
    0x0001811e   0x00000006   Code   RO         5254    .ARM.Collect$$_printf_percent$$00000003  c_2e.l(_printf_f.o)
    0x00018124   0x00000006   Code   RO         5255    .ARM.Collect$$_printf_percent$$00000004  c_2e.l(_printf_e.o)
    0x0001812a   0x00000006   Code   RO         5256    .ARM.Collect$$_printf_percent$$00000005  c_2e.l(_printf_g.o)
    0x00018130   0x00000006   Code   RO         5257    .ARM.Collect$$_printf_percent$$00000006  c_2e.l(_printf_a.o)
    0x00018136   0x0000000a   Code   RO         5262    .ARM.Collect$$_printf_percent$$00000007  c_2e.l(_printf_ll.o)
    0x00018140   0x00000006   Code   RO         5253    .ARM.Collect$$_printf_percent$$00000008  c_2e.l(_printf_i.o)
    0x00018146   0x00000006   Code   RO         5125    .ARM.Collect$$_printf_percent$$00000009  c_2e.l(_printf_d.o)
    0x0001814c   0x00000006   Code   RO         5126    .ARM.Collect$$_printf_percent$$0000000A  c_2e.l(_printf_u.o)
    0x00018152   0x00000006   Code   RO         5252    .ARM.Collect$$_printf_percent$$0000000B  c_2e.l(_printf_o.o)
    0x00018158   0x00000006   Code   RO         5124    .ARM.Collect$$_printf_percent$$0000000C  c_2e.l(_printf_x.o)
    0x0001815e   0x00000006   Code   RO         5259    .ARM.Collect$$_printf_percent$$0000000D  c_2e.l(_printf_lli.o)
    0x00018164   0x00000006   Code   RO         5260    .ARM.Collect$$_printf_percent$$0000000E  c_2e.l(_printf_lld.o)
    0x0001816a   0x00000006   Code   RO         5261    .ARM.Collect$$_printf_percent$$0000000F  c_2e.l(_printf_llu.o)
    0x00018170   0x00000006   Code   RO         5266    .ARM.Collect$$_printf_percent$$00000010  c_2e.l(_printf_llo.o)
    0x00018176   0x00000006   Code   RO         5267    .ARM.Collect$$_printf_percent$$00000011  c_2e.l(_printf_llx.o)
    0x0001817c   0x0000000a   Code   RO         5263    .ARM.Collect$$_printf_percent$$00000012  c_2e.l(_printf_l.o)
    0x00018186   0x00000006   Code   RO         5122    .ARM.Collect$$_printf_percent$$00000013  c_2e.l(_printf_c.o)
    0x0001818c   0x00000006   Code   RO         5123    .ARM.Collect$$_printf_percent$$00000014  c_2e.l(_printf_s.o)
    0x00018192   0x00000006   Code   RO         5264    .ARM.Collect$$_printf_percent$$00000015  c_2e.l(_printf_lc.o)
    0x00018198   0x00000006   Code   RO         5265    .ARM.Collect$$_printf_percent$$00000016  c_2e.l(_printf_ls.o)
    0x0001819e   0x00000004   Code   RO         5258    .ARM.Collect$$_printf_percent$$00000017  c_2e.l(_printf_percent_end.o)
    0x000181a2   0x00000262   Code   RO         5128    .text               c_2e.l(qsortnoex.o)
    0x00018404   0x00000014   Code   RO         5130    .text               c_2e.l(strchr.o)
    0x00018418   0x00000024   Code   RO         5132    .text               c_2e.l(strstr.o)
    0x0001843c   0x00000058   Code   RO         5134    .text               c_2e.l(memcmp.o)
    0x00018494   0x00000046   Code   RO         5136    .text               c_2e.l(strcpy.o)
    0x000184da   0x0000003a   Code   RO         5138    .text               c_2e.l(strlen.o)
    0x00018514   0x00000010   Code   RO         5150    .text               c_2e.l(aeabi_memset.o)
    0x00018524   0x00000044   Code   RO         5152    .text               c_2e.l(rt_memclr.o)
    0x00018568   0x0000004e   Code   RO         5154    .text               c_2e.l(rt_memclr_w.o)
    0x000185b6   0x00000016   Code   RO         5162    .text               c_2e.l(uread4.o)
    0x000185cc   0x00000016   Code   RO         5164    .text               c_2e.l(uwrite4.o)
    0x000185e2   0x00000016   Code   RO         5189    x$fpl$drsb          fz_2s.l(daddsub_clz.o)
    0x000185f8   0x0000002e   Code   RO         5199    x$fpl$dflt          fz_2s.l(dflt_clz.o)
    0x00018626   0x0000006c   Code   RO         5208    x$fpl$drleqf        fz_2s.l(drleqf.o)
    0x00018692   0x00000024   Code   RO         5223    .text               c_2e.l(_printf_truncate.o)
    0x000186b6   0x000000b8   Code   RO         5225    .text               c_2e.l(_printf_intcommon.o)
    0x0001876e   0x0000002a   Code   RO         5227    .text               c_2e.l(_printf_charcount.o)
    0x00018798   0x0000000a   Code   RO         5231    .text               c_2e.l(_sputc.o)
    0x000187a2   0x00000010   Code   RO         5233    .text               c_2e.l(_snputc.o)
    0x000187b2   0x0000002c   Code   RO         5235    .text               c_2e.l(_printf_char.o)
    0x000187de   0x00000000   Code   RO         5285    .ARM.Collect$$libinit$$00000008  c_2e.l(libinit2.o)
    0x000187de   0x00000000   Code   RO         5294    .ARM.Collect$$libinit$$00000011  c_2e.l(libinit2.o)
    0x000187de   0x00000000   Code   RO         5298    .ARM.Collect$$libinit$$00000015  c_2e.l(libinit2.o)
    0x000187de   0x00000000   Code   RO         5312    .ARM.Collect$$libinit$$00000023  c_2e.l(libinit2.o)
    0x000187de   0x00000000   Code   RO         5322    .ARM.Collect$$libinit$$00000030  c_2e.l(libinit2.o)
    0x000187de   0x00000018   Code   RO         5324    x$fpl$dcmpinf       fz_2s.l(dcmpi.o)
    0x000187f6   0x0000009c   Code   RO         5326    x$fpl$dnaninf       fz_2s.l(dnaninf.o)
    0x00018892   0x0000000c   Code   RO         5328    x$fpl$dretinf       fz_2s.l(dretinf.o)
    0x0001889e   0x00000004   Code   RO         5330    x$fpl$printf1       fz_2s.l(printf1.o)
    0x000188a2   0x00000000   Code   RO         5332    x$fpl$usenofp       fz_2s.l(usenofp.o)
    0x000188a2   0x00000418   Code   RO         5340    .text               c_2e.l(_printf_fp_dec.o)
    0x00018cba   0x0000002c   Code   RO         5344    .text               c_2e.l(_printf_wchar.o)
    0x00018ce6   0x00000008   Code   RO         5346    .text               c_2e.l(ferror.o)
    0x00018cee   0x0000001a   Code   RO         5349    i.fputc             c_2e.l(fputc.o)
    0x00018d08   0x00000040   Code   RO         5360    .text               c_2e.l(_wcrtomb.o)
    0x00018d48   0x00000066   Code   RO         5366    .text               c_2e.l(sys_io.o)
    0x00018dae   0x0000004e   Code   RO         5375    .text               c_2e.l(h1_free.o)
    0x00018dfc   0x0000003e   Code   RO         5434    CL$$btod_d2e        c_2e.l(btod.o)
    0x00018e3a   0x00000060   Code   RO         5435    CL$$btod_d2e_norm_op1  c_2e.l(btod.o)
    0x00018e9a   0x00000046   Code   RO         5436    CL$$btod_d2e_denorm_low  c_2e.l(btod.o)
    0x00018ee0   0x00000028   Code   RO         5437    CL$$btod_emul       c_2e.l(btod.o)
    0x00018f08   0x00000028   Code   RO         5438    CL$$btod_ediv       c_2e.l(btod.o)
    0x00018f30   0x000000c6   Code   RO         5441    CL$$btod_e2e        c_2e.l(btod.o)
    0x00018ff6   0x00000244   Code   RO         5443    CL$$btod_mult_common  c_2e.l(btod.o)
    0x0001923a   0x00000338   Code   RO         5444    CL$$btod_div_common  c_2e.l(btod.o)
    0x00019572   0x000001de   Code   RO         5456    .text               c_2e.l(flsbuf.o)
    0x00019750   0x00000046   Code   RO         5458    .text               c_2e.l(setvbuf.o)
    0x00019796   0x0000004c   Code   RO         5463    .text               c_2e.l(fclose.o)
    0x000197e2   0x0000000e   Code   RO         5476    .text               c_2e.l(defsig_rtred_outer.o)
    0x000197f0   0x00000000   Code   RO         5486    .ARM.Collect$$libshutdown$$00000003  c_2e.l(libshutdown2.o)
    0x000197f0   0x00000028   Code   RO         5503    i.__ARM_fpclassify  m_2s.l(fpclassify.o)
    0x00019818   0x00000002   Code   RO         5505    .text               c_2e.l(use_no_semi.o)
    0x0001981a   0x00000000   Code   RO         5507    .text               c_2e.l(indicate_semi.o)
    0x0001981a   0x00000004   Code   RO         5515    .text               c_2e.l(hguard.o)
    0x0001981e   0x00000088   Code   RO         5519    .text               c_2e.l(init_alloc.o)
    0x000198a6   0x0000005e   Code   RO         5525    .text               c_2e.l(h1_alloc.o)
    0x00019904   0x0000000a   Code   RO         5549    .text               c_2e.l(defsig_exit.o)
    0x0001990e   0x0000000e   Code   RO         5555    .text               c_2e.l(defsig_rtmem_outer.o)
    0x0001991c   0x0000000e   Code   RO         5565    .text               c_2e.l(h1_init.o)
    0x0001992a   0x00000032   Code   RO         5567    .text               c_2e.l(h1_extend.o)
    0x0001995c   0x00000046   Code   RO         5577    .text               c_2e.l(ftell.o)
    0x000199a2   0x00000032   Code   RO         5585    .text               c_2e.l(defsig_general.o)
    0x000199d4   0x0000000e   Code   RO         5596    .text               c_2e.l(sys_wrch.o)
    0x000199e2   0x00000002   PAD
    0x000199e4   0x0000012c   Code   RO            8    .text               tz_main.o
    0x00019b10   0x00000270   Code   RO          277    .text               tz_key_wrapping.o
    0x00019d80   0x00004cea   Code   RO          301    .text               tz_ta_sstorage_service.o
    0x0001ea6a   0x00000002   PAD
    0x0001ea6c   0x00000240   Code   RO          405    .text               ss_key_encryption.o
    0x0001ecac   0x00000460   Code   RO          421    .text               ss_discrete_hannover_transform.o
    0x0001f10c   0x0000085c   Code   RO          495    .text               ss_key_management_skmm_key_generation.o
    0x0001f968   0x000010b0   Code   RO          519    .text               ss_key_management_lsm.o
    0x00020a18   0x00000148   Code   RO          539    .text               ss_key_management_helper_functions.o
    0x00020b60   0x00000b64   Code   RO          653    .text               tz_ta_sstorage_secdrv_interface.o
    0x000216c4   0x000007e0   Code   RO          752    .text               ss_memory_internal.o
    0x00021ea4   0x0000003a   Code   RO          807    .text               ss_SKEIN.o
    0x00021ede   0x00000002   PAD
    0x00021ee0   0x00006796   Code   RO          908    .text               task.o
    0x00028676   0x00000002   PAD
    0x00028678   0x00000b44   Code   RO          984    .text               ss_parse_ustack.o
    0x000291bc   0x000018ce   Code   RO         1009    .text               ss_config.o
    0x0002aa8a   0x00000002   PAD
    0x0002aa8c   0x000002a4   Code   RO         1043    .text               gaf.o
    0x0002ad30   0x00000518   Code   RO         1069    .text               dmp.o
    0x0002b248   0x00000338   Code   RO         1087    .text               cache_table.o
    0x0002b580   0x000002dc   Code   RO         1126    .text               odex.o
    0x0002b85c   0x00000588   Code   RO         1144    .text               tz_prng.o
    0x0002bde4   0x00000834   Code   RO         1164    .text               selftest.o
    0x0002c618   0x00000408   Code   RO         1182    .text               cryptolog.o
    0x0002ca20   0x000007e8   Code   RO         1206    .text               ss_mapped_regions_registry.o
    0x0002d208   0x0000025c   Code   RO         1260    .text               asn1.o
    0x0002d464   0x0000035c   Code   RO         1295    .text               ECDH.o
    0x0002d7c0   0x000000e6   Code   RO         1383    .text               AES.o
    0x0002d8a6   0x00000002   PAD
    0x0002d8a8   0x00000f08   Code   RO         1443    .text               ss_ta_asymmetric_crypto_api.o
    0x0002e7b0   0x00000190   Code   RO         1516    .text               x_long.o
    0x0002e940   0x00000374   Code   RO         1547    .text               dsa_asn1.o
    0x0002ecb4   0x00000ab8   Code   RO         1625    .text               dsa_ossl.o
    0x0002f76c   0x000007a0   Code   RO         1689    .text               vmem_64.o
    0x0002ff0c   0x00000318   Code   RO         1713    .text               kernel_stack_64.o
    0x00030224   0x0000065c   Code   RO         1995    .text               tzapp_entrylib.lib(tzapp_lib_main.o)
    0x00030880   0x0000001e   Code   RO         2040    .text               crypto_core.lib(cryptolib_init.o)
    0x0003089e   0x00000002   PAD
    0x000308a0   0x000000cc   Code   RO         2208    .text               crypto_core.lib(mem_clr.o)
    0x0003096c   0x00001180   Code   RO         2233    .text               crypto_core.lib(tasn_dec.o)
    0x00031aec   0x000009e0   Code   RO         2367    .text               crypto_core.lib(tasn_typ.o)
    0x000324cc   0x00000124   Code   RO         2388    .text               crypto_core.lib(x_bignum.o)
    0x000325f0   0x00000560   Code   RO         2412    .text               crypto_core.lib(asn1_lib.o)
    0x00032b50   0x00000610   Code   RO         2477    .text               crypto_core.lib(mem.o)
    0x00033160   0x0000049c   Code   RO         2506    .text               crypto_core.lib(rsa_sign.o)
    0x000335fc   0x00000060   Code   RO         2578    .text               crypto_core.lib(o_fips.o)
    0x0003365c   0x00000dc2   Code   RO         2660    .text               crypto_core.lib(bn_exp.o)
    0x0003441e   0x00000002   PAD
    0x00034420   0x000002aa   Code   RO         2695    .text               crypto_core.lib(bn_mod.o)
    0x000346ca   0x00000002   PAD
    0x000346cc   0x000002bc   Code   RO         2766    .text               crypto_core.lib(bn_rand.o)
    0x00034988   0x00000872   Code   RO         2822    .text               crypto_core.lib(bn_lib.o)
    0x000351fa   0x00000002   PAD
    0x000351fc   0x00000768   Code   RO         2840    .text               crypto_core.lib(ec_key.o)
    0x00035964   0x00000daa   Code   RO         2871    .text               crypto_core.lib(ec_lib.o)
    0x0003670e   0x00000002   PAD
    0x00036710   0x00000162   Code   RO         2942    .text               crypto_core.lib(m_sha1.o)
    0x00036872   0x00000002   PAD
    0x00036874   0x00000318   Code   RO         2967    .text               crypto_core.lib(hmac.o)
    0x00036b8c   0x0000119a   Code   RO         2992    .text               crypto_core.lib(gcm128.o)
    0x00037d26   0x00000002   PAD
    0x00037d28   0x000005c8   Code   RO         3020    .text               crypto_core.lib(rsa_gen.o)
    0x000382f0   0x00000484   Code   RO         3070    .text               crypto_core.lib(sha512.o)
    0x00038774   0x00000358   Code   RO         3093    .text               crypto_core.lib(sha256.o)
    0x00038acc   0x000004cc   Code   RO         3119    .text               crypto_core.lib(fips_md.o)
    0x00038f98   0x00001278   Code   RO         3171    .text               crypto_core.lib(aes-armv4-cc.o)
    0x0003a210   0x0000041e   Code   RO         3253    .text               crypto_core.lib(lhash.o)
    0x0003a62e   0x00000002   PAD
    0x0003a630   0x000000a8   Code   RO         3327    .text               crypto_core.lib(x_sig.o)
    0x0003a6d8   0x0000b584   Code   RO         3453    .text               crypto_core.lib(obj_dat.o)
    0x00045c5c   0x00000b28   Code   RO         3474    .text               crypto_core.lib(b_print.o)
    0x00046784   0x0000022c   Code   RO         3491    .text               crypto_core.lib(rand_lib.o)
    0x000469b0   0x00000076   Code   RO         3540    .text               crypto_core.lib(o_init.o)
    0x00046a26   0x00000002   PAD
    0x00046a28   0x00000d70   Code   RO         3660    .text               crypto_core.lib(ec_mult.o)
    0x00047798   0x0000079c   Code   RO         3673    .text               crypto_core.lib(ec_curve.o)
    0x00047f34   0x00000f9c   Code   RO         3699    .text               crypto_core.lib(rsa_eay.o)
    0x00048ed0   0x000006c0   Code   RO         3774    .text               crypto_core.lib(fips_drbg_lib.o)
    0x00049590   0x00000438   Code   RO         3832    .text               crypto_core.lib(fips_rand.o)
    0x000499c8   0x000003d0   Code   RO         3866    .text               crypto_core.lib(fips.o)
    0x00049d98   0x000004dc   Code   RO         3901    .text               crypto_core.lib(fips_post.o)
    0x0004a274   0x000001d8   Code   RO         3917    .text               crypto_core.lib(armv4-mont-cc.o)
    0x0004a44c   0x00000274   Code   RO         3921    .text               crypto_core.lib(ghash-armv4-cc.o)
    0x0004a6c0   0x00001050   Code   RO         3925    .text               crypto_core.lib(sha256-armv4-cc.o)
    0x0004b710   0x000001e0   Code   RO         3952    .text               crypto_core.lib(x_algor.o)
    0x0004b8f0   0x00000562   Code   RO         4005    .text               crypto_core.lib(bn_sqrt.o)
    0x0004be52   0x00000002   PAD
    0x0004be54   0x00000098   Code   RO         4024    .text               crypto_core.lib(ecs_asn1.o)
    0x0004beec   0x00000064   Code   RO         4064    .text               crypto_core.lib(c_alld.o)
    0x0004bf50   0x00000074   Code   RO         4112    .text               crypto_core.lib(rand_poll_target.o)
    0x0004bfc4   0x0000027c   Code   RO         4155    .text               crypto_core.lib(ech_ossl.o)
    0x0004c240   0x000007b8   Code   RO         4322    .text               crypto_core.lib(fips_enc.o)
    0x0004c9f8   0x0000017c   Code   RO         4369    .text               crypto_core.lib(fips_ecdsa_sign.o)
    0x0004cb74   0x000006f0   Code   RO         4461    .text               crypto_core.lib(fips_drbg_ec.o)
    0x0004d264   0x000004e4   Code   RO         4487    .text               crypto_core.lib(fips_drbg_hmac.o)
    0x0004d748   0x000005fc   Code   RO         4515    .text               crypto_core.lib(fips_drbg_hash.o)
    0x0004dd44   0x00000696   Code   RO         4570    .text               crypto_core.lib(fips_rsa_sign.o)
    0x0004e3da   0x00000002   PAD
    0x0004e3dc   0x0000012c   Code   RO         4592    .text               crypto_core.lib(fips_rsa_selftest.o)
    0x0004e508   0x00000064   Code   RO         4610    .text               crypto_core.lib(fips_sha1_selftest.o)
    0x0004e56c   0x00000004   Ven    RO         4684    .text               crypto_core.lib(sha1-armv4-large-cc.o)
    0x0004e570   0x00000558   Code   RO         4684    .text               crypto_core.lib(sha1-armv4-large-cc.o)
    0x0004eac8   0x00000494   Code   RO         4688    .text               crypto_core.lib(cmac.o)
    0x0004ef5c   0x000003f4   Code   RO         4712    .text               crypto_core.lib(ecp_mont.o)
    0x0004f350   0x00000824   Code   RO         4726    .text               crypto_core.lib(ecs_ossl.o)
    0x0004fb74   0x00001024   Code   RO         4793    .text               crypto_core.lib(e_aes.o)
    0x00050b98   0x0000003c   Code   RO         4860    .text               crypto_core.lib(aes_cbc.o)
    0x00050bd4   0x00001700   Code   RO         4958    .text               crypto_core.lib(ecp_smpl.o)
    0x000522d4   0x00000010   Code   RO         5053    .text               c_2e.l(rt_ctype_table.o)
    0x000522e4   0x00000330   Code   RO         5055    .text               c_2e.l(lludiv5.o)
    0x00052614   0x00000034   Code   RO         5059    .text               c_2e.l(c89vsnprintf.o)
    0x00052648   0x0000001c   Code   RO         5061    .text               c_2e.l(__2printf.o)
    0x00052664   0x0000002c   Code   RO         5063    .text               c_2e.l(__2sprintf.o)
    0x00052690   0x00000038   Code   RO         5065    .text               c_2e.l(__2snprintf.o)
    0x000526c8   0x00000074   Code   RO         5079    .text               c_2e.l(_printf_dec.o)
    0x0005273c   0x0000009c   Code   RO         5099    .text               c_2e.l(_printf_hex_int_ll_ptr.o)
    0x000527d8   0x00000188   Code   RO         5119    .text               c_2e.l(__printf_flags_ss_wp.o)
    0x00052960   0x00000030   Code   RO         5140    .text               c_2e.l(memchr.o)
    0x00052990   0x000000f0   Code   RO         5142    .text               c_2e.l(strncmp.o)
    0x00052a80   0x0000000c   Code   RO         5144    .text               c_2e.l(memcpy.o)
    0x00052a8c   0x00000004   Ven    RO         5146    .text               c_2e.l(rt_memcpy.o)
    0x00052a90   0x000000d4   Code   RO         5146    .text               c_2e.l(rt_memcpy.o)
    0x00052b64   0x000000d4   Code   RO         5148    .text               c_2e.l(rt_memmove.o)
    0x00052c38   0x0000007c   Code   RO         5156    .text               c_2e.l(rt_memcpy_w_qsp.o)
    0x00052cb4   0x0000006c   Code   RO         5158    .text               c_2e.l(strncpy.o)
    0x00052d20   0x00000004   Ven    RO         5160    .text               c_2e.l(strcmp.o)
    0x00052d24   0x000000a0   Code   RO         5160    .text               c_2e.l(strcmp.o)
    0x00052dc4   0x0000022c   Code   RO         5166    .text               c_2e.l(aeabi_sdivfast_rs.o)
    0x00052ff0   0x00000030   Code   RO         5167    .text_udiv          c_2e.l(aeabi_sdivfast_rs.o)
    0x00053020   0x00000024   Code   RO         5185    .text               c_2e.l(init_aeabi.o)
    0x00053044   0x00000150   Code   RO         5188    x$fpl$dadd          fz_2s.l(daddsub_clz.o)
    0x00053194   0x000001d4   Code   RO         5190    x$fpl$dsub          fz_2s.l(daddsub_clz.o)
    0x00053368   0x0000005e   Code   RO         5194    x$fpl$dfix          fz_2s.l(dfix.o)
    0x000533c6   0x00000002   PAD
    0x000533c8   0x00000078   Code   RO         5204    x$fpl$dleqf         fz_2s.l(dleqf.o)
    0x00053440   0x00000154   Code   RO         5206    x$fpl$dmul          fz_2s.l(dmul.o)
    0x00053594   0x0000000c   Code   RO         5218    .text               c_2e.l(rt_locale.o)
    0x000535a0   0x00000030   Code   RO         5229    .text               c_2e.l(_printf_char_common.o)
    0x000535d0   0x00000024   Code   RO         5237    .text               c_2e.l(_printf_char_file.o)
    0x000535f4   0x000000b8   Code   RO         5239    .text               c_2e.l(_printf_wctomb.o)
    0x000536ac   0x00000078   Code   RO         5242    .text               c_2e.l(_printf_longlong_dec.o)
    0x00053724   0x00000078   Code   RO         5248    .text               c_2e.l(_printf_oct_int_ll.o)
    0x0005379c   0x0000002c   Code   RO         5275    locale$$code        c_2e.l(lc_ctype_c.o)
    0x000537c8   0x00000080   Code   RO         5277    .text               c_2e.l(rt_memmove_w.o)
    0x00053848   0x0000002c   Code   RO         5279    .text               c_2e.l(rtudiv10.o)
    0x00053874   0x00000098   Code   RO         5338    .text               c_2e.l(lludiv10.o)
    0x0005390c   0x0000015c   Code   RO         5352    .text               c_2e.l(initio.o)
    0x00053a68   0x00000080   Code   RO         5429    .text               c_2e.l(_printf_fp_infnan.o)
    0x00053ae8   0x000000d8   Code   RO         5431    .text               c_2e.l(bigflt0.o)
    0x00053bc0   0x000000ec   Code   RO         5461    .text               c_2e.l(fopen.o)
    0x00053cac   0x0000002c   Code   RO         5470    locale$$code        c_2e.l(lc_numeric_c.o)
    0x00053cd8   0x0000000c   Code   RO         5510    .text               c_2e.l(rt_heap_descriptor.o)
    0x00053ce4   0x000000f8   Code   RO         5541    .text               c_2e.l(fseek.o)
    0x00053ddc   0x000000f0   Code   RO         5543    .text               c_2e.l(stdio.o)
    0x00053ecc   0x00000034   Code   RO         5553    .text               c_2e.l(defsig_rtred_inner.o)
    0x00053f00   0x0000000c   Code   RO         5561    .text               c_2e.l(sys_exit.o)
    0x00053f0c   0x00000000   Code   RO         5563    .emb_text           c_2e.l(maybetermalloc1.o)
    0x00053f0c   0x00000050   Code   RO         5587    .text               c_2e.l(defsig_rtmem_inner.o)
    0x00053f5c   0x00000050   Code   RO         5589    .text               c_2e.l(heapauxa.o)
    0x00053fac   0x0000000c   Code   RO         5598    .text               c_2e.l(rt_errno_addr.o)
    0x00053fb8   0x000022e8   Code   RO          806    .text               ss_SKEIN.o
    0x000562a0   0x00000738   Code   RO         3929    .text               crypto_core.lib(sha512-armv4-cc.o)
    0x000569d8   0x00000028   PAD
    0x00056a00   0x000000c4   Code   RO         1992    tzapp_syscall_asm   tzapp_entrylib.lib(tzapp_syscall.o)
    0x00056ac4   0x00000008   Ven    RO         5628    Veneer$$Code        anon$$obj.o
    0x00056acc   0x00000008   Ven    RO         5629    Veneer$$Code        anon$$obj.o
    0x00056ad4   0x00000008   Ven    RO         5630    Veneer$$Code        anon$$obj.o
    0x00056adc   0x00000008   Ven    RO         5631    Veneer$$Code        anon$$obj.o
    0x00056ae4   0x00000008   Ven    RO         5632    Veneer$$Code        anon$$obj.o
    0x00056aec   0x00000013   Data   RO            9    .constdata          tz_main.o
    0x00056aff   0x000000e0   Data   RO          121    .constdata          tz_ta_crypto_static.o
    0x00056bdf   0x00000103   Data   RO          122    .constdata          tz_ta_crypto_static.o
    0x00056ce2   0x00000080   Data   RO          497    .constdata          ss_key_management_skmm_key_generation.o
    0x00056d62   0x0000007b   Data   RO          628    .constdata          X509v3_base64_decoder.o
    0x00056ddd   0x00000011   Data   RO         1088    .constdata          cache_table.o
    0x00056dee   0x00000013   Data   RO         1127    .constdata          odex.o
    0x00056e01   0x0000002c   Data   RO         1601    .constdata          dsa_lib.o
    0x00056e2d   0x00000011   Data   RO         2210    .constdata          crypto_core.lib(mem_clr.o)
    0x00056e3e   0x00000031   Data   RO         2413    .constdata          crypto_core.lib(asn1_lib.o)
    0x00056e6f   0x0000002f   Data   RO         2552    .constdata          crypto_core.lib(rsa_lib.o)
    0x00056e9e   0x00000036   Data   RO         2823    .constdata          crypto_core.lib(bn_lib.o)
    0x00056ed4   0x00000033   Data   RO         3072    .constdata          crypto_core.lib(sha512.o)
    0x00056f07   0x00000033   Data   RO         3095    .constdata          crypto_core.lib(sha256.o)
    0x00056f3a   0x00000031   Data   RO         3254    .constdata          crypto_core.lib(lhash.o)
    0x00056f6b   0x00000031   Data   RO         3421    .constdata          crypto_core.lib(stack.o)
    0x00056f9c   0x00000030   Data   RO         3726    .constdata          crypto_core.lib(sha1dgst.o)
    0x00056fcc   0x00000020   Data   RO         3934    .constdata          crypto_core.lib(ctr_drbg.o)
    0x00056fec   0x00000060   Data   RO         4393    .constdata          crypto_core.lib(fips_ecdsa_selftest.o)
    0x0005704c   0x00003524   Data   RO         4529    .constdata          crypto_core.lib(fips_drbg_selftest.o)
    0x0005a570   0x000005a9   Data   RO         4593    .constdata          crypto_core.lib(fips_rsa_selftest.o)
    0x0005ab19   0x000000f0   Data   RO         4611    .constdata          crypto_core.lib(fips_sha1_selftest.o)
    0x0005ac09   0x000001fb   Data   RO         4634    .constdata          crypto_core.lib(fips_aes_selftest.o)
    0x0005ae04   0x00000050   Data   RO         4669    .constdata          crypto_core.lib(fips_des_selftest.o)
    0x0005ae54   0x00000028   Data   RO         5100    .constdata          c_2e.l(_printf_hex_int_ll_ptr.o)
    0x0005ae7c   0x00000011   Data   RO         5120    .constdata          c_2e.l(__printf_flags_ss_wp.o)
    0x0005ae8d   0x00000004   Data   RO         5367    .constdata          c_2e.l(sys_io.o)
    0x0005ae91   0x00000004   Data   RO         5368    .constdata          c_2e.l(sys_io.o)
    0x0005ae95   0x00000004   Data   RO         5369    .constdata          c_2e.l(sys_io.o)
    0x0005ae99   0x00000001   PAD
    0x0005ae9a   0x00001000   Data   RO         2787    .constdata          crypto_core.lib(bn_prime.o)
    0x0005be9a   0x00000002   PAD
    0x0005be9c   0x000000f8   Data   RO          278    .constdata          tz_key_wrapping.o
    0x0005bf94   0x0000180c   Data   RO          303    .constdata          tz_ta_sstorage_service.o
    0x0005d7a0   0x000000f3   Data   RO          406    .constdata          ss_key_encryption.o
    0x0005d893   0x00000001   PAD
    0x0005d894   0x000001c8   Data   RO          520    .constdata          ss_key_management_lsm.o
    0x0005da5c   0x00000056   Data   RO          540    .constdata          ss_key_management_helper_functions.o
    0x0005dab2   0x00000002   PAD
    0x0005dab4   0x000000ea   Data   RO          655    .constdata          tz_ta_sstorage_secdrv_interface.o
    0x0005db9e   0x00000002   PAD
    0x0005dba0   0x000003ec   Data   RO          754    .constdata          ss_memory_internal.o
    0x0005df8c   0x0000178d   Data   RO          911    .constdata          task.o
    0x0005f719   0x00000003   PAD
    0x0005f71c   0x00000170   Data   RO          986    .constdata          ss_parse_ustack.o
    0x0005f88c   0x00000340   Data   RO         1010    .constdata          ss_config.o
    0x0005fbcc   0x00000133   Data   RO         1045    .constdata          gaf.o
    0x0005fcff   0x00000001   PAD
    0x0005fd00   0x0000024c   Data   RO         1071    .constdata          dmp.o
    0x0005ff4c   0x0000004d   Data   RO         1146    .constdata          tz_prng.o
    0x0005ff99   0x00000003   PAD
    0x0005ff9c   0x0000087a   Data   RO         1165    .constdata          selftest.o
    0x00060816   0x00000002   PAD
    0x00060818   0x000004f0   Data   RO         1208    .constdata          ss_mapped_regions_registry.o
    0x00060d08   0x000000b4   Data   RO         1296    .constdata          ECDH.o
    0x00060dbc   0x00000164   Data   RO         1444    .constdata          ss_ta_asymmetric_crypto_api.o
    0x00060f20   0x000000a0   Data   RO         1469    .constdata          dsa_gen.o
    0x00060fc0   0x0000009d   Data   RO         1548    .constdata          dsa_asn1.o
    0x0006105d   0x00000003   PAD
    0x00061060   0x0000009c   Data   RO         1602    .constdata          dsa_lib.o
    0x000610fc   0x0000009d   Data   RO         1626    .constdata          dsa_ossl.o
    0x00061199   0x00000003   PAD
    0x0006119c   0x0000008d   Data   RO         1690    .constdata          vmem_64.o
    0x00061229   0x00000003   PAD
    0x0006122c   0x000000a6   Data   RO         1714    .constdata          kernel_stack_64.o
    0x000612d2   0x00000002   PAD
    0x000612d4   0x00000085   Data   RO         2186    .constdata          crypto_core.lib(pd_rand.o)
    0x00061359   0x00000003   PAD
    0x0006135c   0x00000080   Data   RO         2234    .constdata          crypto_core.lib(tasn_dec.o)
    0x000613dc   0x0000007a   Data   RO         2270    .constdata          crypto_core.lib(a_dup.o)
    0x00061456   0x00000002   PAD
    0x00061458   0x00000080   Data   RO         2344    .constdata          crypto_core.lib(tasn_enc.o)
    0x000614d8   0x00000080   Data   RO         2414    .constdata          crypto_core.lib(asn1_lib.o)
    0x00061558   0x00000080   Data   RO         2432    .constdata          crypto_core.lib(tasn_new.o)
    0x000615d8   0x00000078   Data   RO         2446    .constdata          crypto_core.lib(ex_data.o)
    0x00061650   0x0000008c   Data   RO         2478    .constdata          crypto_core.lib(mem.o)
    0x000616dc   0x00000094   Data   RO         2507    .constdata          crypto_core.lib(rsa_sign.o)
    0x00061770   0x0000007c   Data   RO         2553    .constdata          crypto_core.lib(rsa_lib.o)
    0x000617ec   0x00000094   Data   RO         2626    .constdata          crypto_core.lib(bn_ctx.o)
    0x00061880   0x000000b4   Data   RO         2661    .constdata          crypto_core.lib(bn_exp.o)
    0x00061934   0x00000094   Data   RO         2708    .constdata          crypto_core.lib(bn_mont.o)
    0x000619c8   0x0000009c   Data   RO         2767    .constdata          crypto_core.lib(bn_rand.o)
    0x00061a64   0x000001ac   Data   RO         2824    .constdata          crypto_core.lib(bn_lib.o)
    0x00061c10   0x000000a8   Data   RO         2841    .constdata          crypto_core.lib(ec_key.o)
    0x00061cb8   0x000000c8   Data   RO         2872    .constdata          crypto_core.lib(ec_lib.o)
    0x00061d80   0x00000094   Data   RO         2969    .constdata          crypto_core.lib(hmac.o)
    0x00061e14   0x000000b6   Data   RO         2993    .constdata          crypto_core.lib(gcm128.o)
    0x00061eca   0x00000002   PAD
    0x00061ecc   0x00000098   Data   RO         3021    .constdata          crypto_core.lib(rsa_gen.o)
    0x00061f64   0x000000ac   Data   RO         3073    .constdata          crypto_core.lib(sha512.o)
    0x00062010   0x000000ac   Data   RO         3096    .constdata          crypto_core.lib(sha256.o)
    0x000620bc   0x000000a8   Data   RO         3120    .constdata          crypto_core.lib(fips_md.o)
    0x00062164   0x0000007c   Data   RO         3255    .constdata          crypto_core.lib(lhash.o)
    0x000621e0   0x00000080   Data   RO         3275    .constdata          crypto_core.lib(a_object.o)
    0x00062260   0x0000007d   Data   RO         3288    .constdata          crypto_core.lib(tasn_utl.o)
    0x000622dd   0x00000003   PAD
    0x000622e0   0x0000007c   Data   RO         3313    .constdata          crypto_core.lib(a_int.o)
    0x0006235c   0x00000080   Data   RO         3361    .constdata          crypto_core.lib(a_bitstr.o)
    0x000623dc   0x0000007c   Data   RO         3422    .constdata          crypto_core.lib(stack.o)
    0x00062458   0x00000080   Data   RO         3437    .constdata          crypto_core.lib(buffer.o)
    0x000624d8   0x000041c8   Data   RO         3454    .constdata          crypto_core.lib(obj_dat.o)
    0x000666a0   0x0000007c   Data   RO         3475    .constdata          crypto_core.lib(b_print.o)
    0x0006671c   0x00000094   Data   RO         3493    .constdata          crypto_core.lib(rand_lib.o)
    0x000667b0   0x00000094   Data   RO         3575    .constdata          crypto_core.lib(bn_recp.o)
    0x00066844   0x00000095   Data   RO         3631    .constdata          crypto_core.lib(bn_blind.o)
    0x000668d9   0x00000003   PAD
    0x000668dc   0x000000ac   Data   RO         3661    .constdata          crypto_core.lib(ec_mult.o)
    0x00066988   0x000010fc   Data   RO         3674    .constdata          crypto_core.lib(ec_curve.o)
    0x00067a84   0x000000f8   Data   RO         3700    .constdata          crypto_core.lib(rsa_eay.o)
    0x00067b7c   0x000000ac   Data   RO         3775    .constdata          crypto_core.lib(fips_drbg_lib.o)
    0x00067c28   0x000000c0   Data   RO         3834    .constdata          crypto_core.lib(fips_rand.o)
    0x00067ce8   0x0000008c   Data   RO         3868    .constdata          crypto_core.lib(fips.o)
    0x00067d74   0x000000ac   Data   RO         3902    .constdata          crypto_core.lib(fips_post.o)
    0x00067e20   0x00000020   Data   RO         3988    .constdata          crypto_core.lib(bn_kron.o)
    0x00067e40   0x0000007f   Data   RO         4077    .constdata          crypto_core.lib(o_names.o)
    0x00067ebf   0x00000001   PAD
    0x00067ec0   0x00000080   Data   RO         4100    .constdata          crypto_core.lib(obj_lib.o)
    0x00067f40   0x00000097   Data   RO         4156    .constdata          crypto_core.lib(ech_ossl.o)
    0x00067fd7   0x00000001   PAD
    0x00067fd8   0x00000098   Data   RO         4217    .constdata          crypto_core.lib(rsa_oaep.o)
    0x00068070   0x0000010c   Data   RO         4323    .constdata          crypto_core.lib(fips_enc.o)
    0x0006817c   0x00000147   Data   RO         4342    .constdata          crypto_core.lib(fips_ecdh_selftest.o)
    0x000682c3   0x00000001   PAD
    0x000682c4   0x000000ec   Data   RO         4370    .constdata          crypto_core.lib(fips_ecdsa_sign.o)
    0x000683b0   0x00000174   Data   RO         4410    .constdata          crypto_core.lib(fips_hmac_selftest.o)
    0x00068524   0x000001e0   Data   RO         4462    .constdata          crypto_core.lib(fips_drbg_ec.o)
    0x00068704   0x000000b3   Data   RO         4488    .constdata          crypto_core.lib(fips_drbg_hmac.o)
    0x000687b7   0x00000001   PAD
    0x000687b8   0x000000bc   Data   RO         4516    .constdata          crypto_core.lib(fips_drbg_hash.o)
    0x00068874   0x000001b8   Data   RO         4571    .constdata          crypto_core.lib(fips_rsa_sign.o)
    0x00068a2c   0x000002c0   Data   RO         4650    .constdata          crypto_core.lib(fips_cmac_selftest.o)
    0x00068cec   0x000000ec   Data   RO         4689    .constdata          crypto_core.lib(cmac.o)
    0x00068dd8   0x000000c8   Data   RO         4794    .constdata          crypto_core.lib(e_aes.o)
    0x00068ea0   0x000000a0   Data   RO         4823    .constdata          crypto_core.lib(rsa_pss.o)
    0x00068f40   0x00000098   Data   RO         4848    .constdata          crypto_core.lib(fips_rsa_lib.o)
    0x00068fd8   0x000009c0   Data   RO         4876    .constdata          crypto_core.lib(set_key.o)
    0x00069998   0x00000800   Data   RO         4901    .constdata          crypto_core.lib(des_enc.o)
    0x0006a198   0x00000095   Data   RO         4959    .constdata          crypto_core.lib(ecp_smpl.o)
    0x0006a22d   0x00000003   PAD
    0x0006a230   0x00000004   Data   RO         5000    .constdata          crypto_core.lib(xts128.o)
    0x0006a234   0x00000004   Data   RO         5013    .constdata          crypto_core.lib(ctr128.o)
    0x0006a238   0x00000008   Data   RO         5240    .constdata          c_2e.l(_printf_wctomb.o)
    0x0006a240   0x00000110   Data   RO         5274    locale$$data        c_2e.l(lc_ctype_c.o)
    0x0006a350   0x00000094   Data   RO         5432    .constdata          c_2e.l(bigflt0.o)
    0x0006a3e4   0x0000001c   Data   RO         5469    locale$$data        c_2e.l(lc_numeric_c.o)
    0x0006a400   0x00000080   Data   RO          808    .constdata          ss_SKEIN.o
    0x0006a480   0x00000004   Data   RO         1047    .init_array         gaf.o
    0x0006a484   0x00000004   Data   RO         1518    .init_array         x_long.o
    0x0006a488   0x00000004   Data   RO         1550    .init_array         dsa_asn1.o
    0x0006a48c   0x00000004   Data   RO         1628    .init_array         dsa_ossl.o
    0x0006a490   0x00000004   Data   RO         1998    .init_array         tzapp_entrylib.lib(tzapp_lib_main.o)
    0x0006a494   0x00000004   Data   RO         2369    .init_array         crypto_core.lib(tasn_typ.o)
    0x0006a498   0x00000004   Data   RO         2390    .init_array         crypto_core.lib(x_bignum.o)
    0x0006a49c   0x00000004   Data   RO         2448    .init_array         crypto_core.lib(ex_data.o)
    0x0006a4a0   0x00000004   Data   RO         2480    .init_array         crypto_core.lib(mem.o)
    0x0006a4a4   0x00000004   Data   RO         2826    .init_array         crypto_core.lib(bn_lib.o)
    0x0006a4a8   0x00000004   Data   RO         2944    .init_array         crypto_core.lib(m_sha1.o)
    0x0006a4ac   0x00000004   Data   RO         3122    .init_array         crypto_core.lib(fips_md.o)
    0x0006a4b0   0x00000004   Data   RO         3190    .init_array         crypto_core.lib(ctr_drbg_ossl.o)
    0x0006a4b4   0x00000004   Data   RO         3329    .init_array         crypto_core.lib(x_sig.o)
    0x0006a4b8   0x00000004   Data   RO         3456    .init_array         crypto_core.lib(obj_dat.o)
    0x0006a4bc   0x00000004   Data   RO         3542    .init_array         crypto_core.lib(o_init.o)
    0x0006a4c0   0x00000004   Data   RO         3676    .init_array         crypto_core.lib(ec_curve.o)
    0x0006a4c4   0x00000004   Data   RO         3702    .init_array         crypto_core.lib(rsa_eay.o)
    0x0006a4c8   0x00000004   Data   RO         3807    .init_array         crypto_core.lib(fips_drbg_rand.o)
    0x0006a4cc   0x00000004   Data   RO         3836    .init_array         crypto_core.lib(fips_rand.o)
    0x0006a4d0   0x00000004   Data   RO         3954    .init_array         crypto_core.lib(x_algor.o)
    0x0006a4d4   0x00000004   Data   RO         4026    .init_array         crypto_core.lib(ecs_asn1.o)
    0x0006a4d8   0x00000004   Data   RO         4158    .init_array         crypto_core.lib(ech_ossl.o)
    0x0006a4dc   0x00000004   Data   RO         4289    .init_array         crypto_core.lib(fips_mem.o)
    0x0006a4e0   0x00000004   Data   RO         4325    .init_array         crypto_core.lib(fips_enc.o)
    0x0006a4e4   0x00000004   Data   RO         4344    .init_array         crypto_core.lib(fips_ecdh_selftest.o)
    0x0006a4e8   0x00000004   Data   RO         4395    .init_array         crypto_core.lib(fips_ecdsa_selftest.o)
    0x0006a4ec   0x00000004   Data   RO         4531    .init_array         crypto_core.lib(fips_drbg_selftest.o)
    0x0006a4f0   0x00000004   Data   RO         4714    .init_array         crypto_core.lib(ecp_mont.o)
    0x0006a4f4   0x00000004   Data   RO         4728    .init_array         crypto_core.lib(ecs_ossl.o)
    0x0006a4f8   0x00000004   Data   RO         4753    .init_array         crypto_core.lib(e_des3.o)
    0x0006a4fc   0x00000004   Data   RO         4796    .init_array         crypto_core.lib(e_aes.o)
    0x0006a500   0x00000004   Data   RO         4961    .init_array         crypto_core.lib(ecp_smpl.o)



  Load Region TZ_TEST_APP_DATA (Base: 0x0006b000, Size: 0x000082dc, Max: 0xffffffff, PI)

    Execution Region TZ_APP_RW (Base: 0x0006b000, Size: 0x00017ef4, Max: 0xffffffff, PI)

    Base Addr    Size         Type   Attr      Idx    E Section Name        Object

    0x0006b000   0x00000004   Data   RW         5623    PDT$$ptr            anon$$obj.o
    0x0006b004   0x0000000c   Data   RW           10    .data               tz_main.o
    0x0006b010   0x00000008   Data   RW           11    .data               tz_main.o
    0x0006b018   0x00000027   Data   RW          279    .data               tz_key_wrapping.o
    0x0006b03f   0x00000001   PAD
    0x0006b040   0x0000000c   Data   RW          304    .data               tz_ta_sstorage_service.o
    0x0006b04c   0x00000138   Data   RW          444    .data               ss_lable_processing.o
    0x0006b184   0x00000050   Data   RW          656    .data               tz_ta_sstorage_secdrv_interface.o
    0x0006b1d4   0x00000004   Data   RW          672    .data               stub_secdrv.o
    0x0006b1d8   0x00000004   Data   RW          755    .data               ss_memory_internal.o
    0x0006b1dc   0x00000100   Data   RW          838    .data               ss_SHORT_SHA256.o
    0x0006b2dc   0x00000004   Data   RW          866    .data               ss_helper_functions.o
    0x0006b2e0   0x00000020   Data   RW          891    .data               ss_key_generation.o
    0x0006b300   0x00000018   Data   RW          912    .data               task.o
    0x0006b318   0x00000008   Data   RW          987    .data               ss_parse_ustack.o
    0x0006b320   0x00000008   Data   RW         1011    .data               ss_config.o
    0x0006b328   0x00000008   Data   RW         1046    .data               gaf.o
    0x0006b330   0x00000004   Data   RW         1089    .data               cache_table.o
    0x0006b334   0x00000050   Data   RW         1166    .data               selftest.o
    0x0006b384   0x00000004   Data   RW         1184    .data               cryptolog.o
    0x0006b388   0x00000004   Data   RW         1209    .data               ss_mapped_regions_registry.o
    0x0006b38c   0x00000004   Data   RW         1224    .data               dumpdrv_hw_hal.o
    0x0006b390   0x0000003c   Data   RW         1517    .data               x_long.o
    0x0006b3cc   0x000001e4   Data   RW         1549    .data               dsa_asn1.o
    0x0006b5b0   0x00000004   Data   RW         1603    .data               dsa_lib.o
    0x0006b5b4   0x00000030   Data   RW         1627    .data               dsa_ossl.o
    0x0006b5e4   0x00000004   PAD
    0x0006b5e8   0x00000008   Data   RW         1691    .data               vmem_64.o
    0x0006b5f0   0x00000004   Data   RW         1692    .data               vmem_64.o
    0x0006b5f4   0x00000004   Data   RW         1693    .data               vmem_64.o
    0x0006b5f8   0x00000014   Data   RW         1694    .data               vmem_64.o
    0x0006b60c   0x00000004   Data   RW         1695    .data               vmem_64.o
    0x0006b610   0x00000004   Data   RW         1696    .data               vmem_64.o
    0x0006b614   0x00000056   Data   RW         1997    .data               tzapp_entrylib.lib(tzapp_lib_main.o)
    0x0006b66a   0x00000002   PAD
    0x0006b66c   0x00000004   Data   RW         2187    .data               crypto_core.lib(pd_rand.o)
    0x0006b670   0x00000001   Data   RW         2211    .data               crypto_core.lib(mem_clr.o)
    0x0006b671   0x00000003   PAD
    0x0006b674   0x0000031c   Data   RW         2368    .data               crypto_core.lib(tasn_typ.o)
    0x0006b990   0x00000058   Data   RW         2389    .data               crypto_core.lib(x_bignum.o)
    0x0006b9e8   0x00000024   Data   RW         2447    .data               crypto_core.lib(ex_data.o)
    0x0006ba0c   0x0000003c   Data   RW         2479    .data               crypto_core.lib(mem.o)
    0x0006ba48   0x00000004   Data   RW         2554    .data               crypto_core.lib(rsa_lib.o)
    0x0006ba4c   0x00000034   Data   RW         2825    .data               crypto_core.lib(bn_lib.o)
    0x0006ba80   0x0000017c   Data   RW         2943    .data               crypto_core.lib(m_sha1.o)
    0x0006bbfc   0x0000004c   Data   RW         3121    .data               crypto_core.lib(fips_md.o)
    0x0006bc48   0x0000000c   Data   RW         3146    .data               crypto_core.lib(fips_rand_lib.o)
    0x0006bc54   0x0000001c   Data   RW         3189    .data               crypto_core.lib(ctr_drbg_ossl.o)
    0x0006bc70   0x00000004   Data   RW         3228    .data               crypto_core.lib(ech_lib.o)
    0x0006bc74   0x00000044   Data   RW         3328    .data               crypto_core.lib(x_sig.o)
    0x0006bcb8   0x0000564c   Data   RW         3455    .data               crypto_core.lib(obj_dat.o)
    0x00071304   0x00000010   Data   RW         3494    .data               crypto_core.lib(rand_lib.o)
    0x00071314   0x00000004   Data   RW         3541    .data               crypto_core.lib(o_init.o)
    0x00071318   0x00000190   Data   RW         3675    .data               crypto_core.lib(ec_curve.o)
    0x000714a8   0x00000038   Data   RW         3701    .data               crypto_core.lib(rsa_eay.o)
    0x000714e0   0x00000004   Data   RW         3776    .data               crypto_core.lib(fips_drbg_lib.o)
    0x000714e4   0x00000018   Data   RW         3806    .data               crypto_core.lib(fips_drbg_rand.o)
    0x000714fc   0x0000001c   Data   RW         3835    .data               crypto_core.lib(fips_rand.o)
    0x00071518   0x00000020   Data   RW         3869    .data               crypto_core.lib(fips.o)
    0x00071538   0x0000000c   Data   RW         3903    .data               crypto_core.lib(fips_post.o)
    0x00071544   0x00000074   Data   RW         3953    .data               crypto_core.lib(x_algor.o)
    0x000715b8   0x00000044   Data   RW         4025    .data               crypto_core.lib(ecs_asn1.o)
    0x000715fc   0x00000008   Data   RW         4078    .data               crypto_core.lib(o_names.o)
    0x00071604   0x00000028   Data   RW         4157    .data               crypto_core.lib(ech_ossl.o)
    0x0007162c   0x00000008   Data   RW         4265    .data               crypto_core.lib(fips_lck.o)
    0x00071634   0x00000008   Data   RW         4288    .data               crypto_core.lib(fips_mem.o)
    0x0007163c   0x00000008   Data   RW         4309    .data               crypto_core.lib(fips_err.o)
    0x00071644   0x00000034   Data   RW         4324    .data               crypto_core.lib(fips_enc.o)
    0x00071678   0x00000034   Data   RW         4343    .data               crypto_core.lib(fips_ecdh_selftest.o)
    0x000716ac   0x00000020   Data   RW         4394    .data               crypto_core.lib(fips_ecdsa_selftest.o)
    0x000716cc   0x00000021   Data   RW         4437    .data               crypto_core.lib(fips_drbg_ctr.o)
    0x000716ed   0x00000002   Data   RW         4489    .data               crypto_core.lib(fips_drbg_hmac.o)
    0x000716ef   0x00000001   PAD
    0x000716f0   0x000011ac   Data   RW         4530    .data               crypto_core.lib(fips_drbg_selftest.o)
    0x0007289c   0x000000d8   Data   RW         4546    .data               crypto_core.lib(fips_rand_selftest.o)
    0x00072974   0x0000009c   Data   RW         4713    .data               crypto_core.lib(ecp_mont.o)
    0x00072a10   0x00000030   Data   RW         4727    .data               crypto_core.lib(ecs_ossl.o)
    0x00072a40   0x00000208   Data   RW         4752    .data               crypto_core.lib(e_des3.o)
    0x00072c48   0x000005e4   Data   RW         4795    .data               crypto_core.lib(e_aes.o)
    0x0007322c   0x00000004   Data   RW         4877    .data               crypto_core.lib(set_key.o)
    0x00073230   0x0000009c   Data   RW         4960    .data               crypto_core.lib(ecp_smpl.o)
    0x000732cc   0x00000004   Data   RW         5271    .data               c_2e.l(stdio_streams.o)
    0x000732d0   0x00000004   Data   RW         5272    .data               c_2e.l(stdio_streams.o)
    0x000732d4   0x00000004   Data   RW         5273    .data               c_2e.l(stdio_streams.o)
    0x000732d8   0x00000004   Data   RW         5590    .data               c_2e.l(heapauxa.o)
    0x000732dc   0x00000640   Zero   RW          246    .bss                stub_secrsa.o
    0x0007391c   0x0000631c   Zero   RW          302    .bss                tz_ta_sstorage_service.o
    0x00079c38   0x00001000   Zero   RW          364    .bss                ss_key_destruction.o
    0x0007ac38   0x00000080   Zero   RW          443    .bss                ss_lable_processing.o
    0x0007acb8   0x0000012c   Zero   RW          496    .bss                ss_key_management_skmm_key_generation.o
    0x0007ade4   0x00002158   Zero   RW          654    .bss                tz_ta_sstorage_secdrv_interface.o
    0x0007cf3c   0x0000007d   Zero   RW          753    .bss                ss_memory_internal.o
    0x0007cfb9   0x00000007   PAD
    0x0007cfc0   0x00002178   Zero   RW          909    .bss                task.o
    0x0007f138   0x00001068   Zero   RW          910    .bss                task.o
    0x000801a0   0x00001578   Zero   RW          985    .bss                ss_parse_ustack.o
    0x00081718   0x000000a8   Zero   RW         1044    .bss                gaf.o
    0x000817c0   0x0000000b   Zero   RW         1070    .bss                dmp.o
    0x000817cb   0x00000005   PAD
    0x000817d0   0x00000078   Zero   RW         1145    .bss                tz_prng.o
    0x00081848   0x00000ac4   Zero   RW         1183    .bss                cryptolog.o
    0x0008230c   0x00000004   PAD
    0x00082310   0x000001b0   Zero   RW         1207    .bss                ss_mapped_regions_registry.o
    0x000824c0   0x00000168   Zero   RW         1996    .bss                tzapp_entrylib.lib(tzapp_lib_main.o)
    0x00082628   0x00000081   Zero   RW         2209    .bss                crypto_core.lib(mem_clr.o)
    0x000826a9   0x00000040   Zero   RW         2968    .bss                crypto_core.lib(hmac.o)
    0x000826e9   0x00000070   Zero   RW         3071    .bss                crypto_core.lib(sha512.o)
    0x00082759   0x0000003c   Zero   RW         3094    .bss                crypto_core.lib(sha256.o)
    0x00082795   0x00000003   PAD
    0x00082798   0x00000088   Zero   RW         3188    .bss                crypto_core.lib(ctr_drbg_ossl.o)
    0x00082820   0x00000010   Zero   RW         3492    .bss                crypto_core.lib(rand_lib.o)
    0x00082830   0x0000041c   Zero   RW         3805    .bss                crypto_core.lib(fips_drbg_rand.o)
    0x00082c4c   0x00000150   Zero   RW         3833    .bss                crypto_core.lib(fips_rand.o)
    0x00082d9c   0x00000040   Zero   RW         3867    .bss                crypto_core.lib(fips.o)
    0x00082ddc   0x00000014   Zero   RW         5219    .bss                c_2e.l(rt_locale.o)
    0x00082df0   0x00000054   Zero   RW         5268    .bss                c_2e.l(stdio_streams.o)
    0x00082e44   0x00000054   Zero   RW         5269    .bss                c_2e.l(stdio_streams.o)
    0x00082e98   0x00000054   Zero   RW         5270    .bss                c_2e.l(stdio_streams.o)
    0x00082eec   0x00000004   Zero   RW         5511    .bss                c_2e.l(rt_heap_descriptor.o)
    0x00082ef0   0x00000004   Zero   RW         5599    .bss                c_2e.l(rt_errno_addr.o)


    Execution Region TZ_APP_STACK (Base: 0x00082ef4, Size: 0x0000a000, Max: 0x0000a000, PI, UNINIT)

    Base Addr    Size         Type   Attr      Idx    E Section Name        Object

    0x00082ef4   0x0000a000   Zero   RW            1    TZ_APP_STACK.bss    anon$$obj.o


    Execution Region TZ_APP_HEAP (Base: 0x0008cef4, Size: 0x00100000, Max: 0x00100000, PI, UNINIT)

    Base Addr    Size         Type   Attr      Idx    E Section Name        Object

    0x0008cef4   0x00100000   Zero   RW            2    TZ_APP_HEAP.bss     anon$$obj.o


==============================================================================

Image component sizes


      Code (inc. data)   RO Data    RW Data    ZI Data      Debug   Object Name

       230          0          0          0          0       4061   AES.o
       860         68        180          0          0      26089   ECDH.o
       606          0          0          0          0      16530   RSA.o
       410          0        123          0          0       3411   X509v3_base64_decoder.o
      1538          0          0          0          0       4757   X509v3_verify.o
       604         14          0          0          0       4832   asn1.o
       824         70         17          4          0       6045   cache_table.o
      1032        136          0          4       2756       5578   cryptolog.o
      1304        190        588          0         11       4848   dmp.o
       884         62        161        484          0      20530   dsa_asn1.o
      2880          0        160          0          0      32732   dsa_gen.o
       226          0          0          0          0       9620   dsa_key.o
       556          0        200          4          0      15920   dsa_lib.o
      2744         20        161         48          0      23482   dsa_ossl.o
        16          0          0          0          0       8485   dsa_sign.o
        10          0          0          0          0       7620   dsa_vrf.o
       164          0          0          4          0       2695   dumpdrv_hw_hal.o
       676        132        311          8        168       6132   gaf.o
        24          0          0          0          0       1810   gen_entropy.o
       792        132        166          0          0       4177   kernel_stack_64.o
       732        142         19          0          0       2265   odex.o
       198         30          0          0          0        894   opcode.o
      2100        322       2170         80          0       8081   selftest.o
        46          0          0          0          0       1161   ss_CryptoCore_init.o
        36          0          0          0          0       2970   ss_SHA256.o
        36          0          0          0          0       1986   ss_SHA512.o
      4498          0          0        256          0      10377   ss_SHORT_SHA256.o
      8994          0        128          0          0      18143   ss_SKEIN.o
        42          0          0          0          0       5179   ss_aes.o
       452          0          0          0          0       5714   ss_asn1.o
      6350        180        832          8          0      16901   ss_config.o
      1120        128          0          0          0       3777   ss_discrete_hannover_transform.o
       100          0          0          0          0       2232   ss_encoder.o
        26          0          0          0          0       1379   ss_fips.o
       400          0          0          0          0       5536   ss_hash.o
        28          0          0          4          0       1524   ss_helper_functions.o
       132          0          0          0       4096       1980   ss_key_destruction.o
       576          6        243          0          0       3917   ss_key_encryption.o
       252          0          0         32          0       3319   ss_key_generation.o
       348          0          0          0          0       7050   ss_key_management.o
       328          4         86          0          0       4190   ss_key_management_helper_functions.o
       478          0          0          0          0       3200   ss_key_management_hmac_key_generation.o
      4272        270        456          0          0      12288   ss_key_management_lsm.o
       218          0          0          0          0       2588   ss_key_management_provisioned_key_wrapper.o
      2140         56        128          0        300      11253   ss_key_management_skmm_key_generation.o
      1020          0          0          0          0       6929   ss_key_management_wrapper.o
      3530          0          0        312        128       6699   ss_lable_processing.o
      2024        160       1264          4        432       6948   ss_mapped_regions_registry.o
      2016        140       1004          4        125       6370   ss_memory_internal.o
       312          0          0          0          0       2649   ss_memory_management.o
      2884        328        368          8       5496      13723   ss_parse_ustack.o
       350          0          0          0          0       4461   ss_process_ss_id.o
      3848        132        356          0          0      15212   ss_ta_asymmetric_crypto_api.o
       178          0          0          4          0       7148   stub_secdrv.o
        14          0          0          0       1600       5147   stub_secrsa.o
     26518       2484       6029         24      12768      62811   task.o
       624         62        248         39          0       5773   tz_key_wrapping.o
       300         68         19         20          0      12830   tz_main.o
      1416          4         77          0        120       7541   tz_prng.o
      1714          0          0          0          0      11404   tz_ta_crypto_api_common.o
       622          0        483          0          0      98064   tz_ta_crypto_static.o
      2916         24        234         80       8536      11473   tz_ta_sstorage_secdrv_interface.o
     19690       1128       6156         12      25372      51883   tz_ta_sstorage_service.o
       124          0          0          0          0        680   tzapp_entry.o
      1952        194        141         44          0       9145   vmem_64.o
       400          8          4         60          0      47518   x_long.o

    ----------------------------------------------------------------------
    122784       6694      22537       1556    1151460     741666   Object Totals
        40          0          0          4    1089536          0   (incl. Generated)
        10          0         25          5         16          0   (incl. Padding)

    ----------------------------------------------------------------------

      Code (inc. data)   RO Data    RW Data    ZI Data      Debug   Library Member Name

        28          6          0          0          0         84   __2printf.o
        56          6          0          0          0         88   __2snprintf.o
        44          6          0          0          0         84   __2sprintf.o
       392          6         17          0          0         88   __printf_flags_ss_wp.o
        14          0          0          0          0         68   __printf_wp.o
         6          0          0          0          0          0   _printf_a.o
         6          0          0          0          0          0   _printf_c.o
        44          0          0          0          0        108   _printf_char.o
        48          6          0          0          0         96   _printf_char_common.o
        36          4          0          0          0         80   _printf_char_file.o
        42          0          0          0          0         68   _printf_charcount.o
         6          0          0          0          0          0   _printf_d.o
       116         18          0          0          0         92   _printf_dec.o
         6          0          0          0          0          0   _printf_e.o
         6          0          0          0          0          0   _printf_f.o
      1048          0          0          0          0        208   _printf_fp_dec.o
       128         16          0          0          0         84   _printf_fp_infnan.o
         6          0          0          0          0          0   _printf_g.o
       156          6         40          0          0        160   _printf_hex_int_ll_ptr.o
         6          0          0          0          0          0   _printf_i.o
       184          0          0          0          0         88   _printf_intcommon.o
        10          0          0          0          0          0   _printf_l.o
         6          0          0          0          0          0   _printf_lc.o
        10          0          0          0          0          0   _printf_ll.o
         6          0          0          0          0          0   _printf_lld.o
         6          0          0          0          0          0   _printf_lli.o
         6          0          0          0          0          0   _printf_llo.o
         6          0          0          0          0          0   _printf_llu.o
         6          0          0          0          0          0   _printf_llx.o
       120         16          0          0          0         92   _printf_longlong_dec.o
         6          0          0          0          0          0   _printf_ls.o
         6          0          0          0          0          0   _printf_n.o
         6          0          0          0          0          0   _printf_o.o
       120          8          0          0          0        124   _printf_oct_int_ll.o
         6          0          0          0          0          0   _printf_p.o
        82          0          0          0          0        108   _printf_pad.o
         0          0          0          0          0          0   _printf_percent.o
         4          0          0          0          0          0   _printf_percent_end.o
         6          0          0          0          0          0   _printf_s.o
        82          0          0          0          0         80   _printf_str.o
        36          0          0          0          0         84   _printf_truncate.o
         6          0          0          0          0          0   _printf_u.o
        44          0          0          0          0        108   _printf_wchar.o
       184          6          8          0          0         88   _printf_wctomb.o
         6          0          0          0          0          0   _printf_x.o
        16          0          0          0          0         68   _snputc.o
        10          0          0          0          0         68   _sputc.o
        64          0          0          0          0         92   _wcrtomb.o
        16          0          0          0          0         64   aeabi_memset.o
       604          0          0          0          0        136   aeabi_sdivfast_rs.o
       216          6        148          0          0         96   bigflt0.o
      1910        128          0          0          0        640   btod.o
        52          6          0          0          0         80   c89vsnprintf.o
        10          0          0          0          0         68   defsig_exit.o
        50          0          0          0          0         88   defsig_general.o
        80         58          0          0          0         76   defsig_rtmem_inner.o
        14          0          0          0          0         80   defsig_rtmem_outer.o
        52         38          0          0          0         76   defsig_rtred_inner.o
        14          0          0          0          0         80   defsig_rtred_outer.o
        76          0          0          0          0         88   fclose.o
         8          0          0          0          0         68   ferror.o
       478          0          0          0          0         88   flsbuf.o
       236          4          0          0          0        128   fopen.o
        26          0          0          0          0         68   fputc.o
       248          4          0          0          0         84   fseek.o
        70          0          0          0          0         76   ftell.o
        94          0          0          0          0         80   h1_alloc.o
        50          0          0          0          0         68   h1_extend.o
        78          0          0          0          0         80   h1_free.o
        14          0          0          0          0         84   h1_init.o
        80          4          0          4          0         96   heapauxa.o
         4          0          0          0          0        136   hguard.o
         0          0          0          0          0          0   indicate_semi.o
        36         10          0          0          0         80   init_aeabi.o
       136          0          0          0          0        168   init_alloc.o
       348         44          0          0          0        112   initio.o
        44         10        272          0          0         72   lc_ctype_c.o
        44         10         28          0          0         72   lc_numeric_c.o
         0          0          0          0          0          0   libinit2.o
         0          0          0          0          0          0   libshutdown2.o
       152          0          0          0          0         76   lludiv10.o
       816         64          0          0          0         80   lludiv5.o
        38          0          0          0          0         64   llushr.o
         0          0          0          0          0          0   maybetermalloc1.o
        48          0          0          0          0         68   memchr.o
        88          0          0          0          0         76   memcmp.o
        12          0          0          0          0         72   memcpy.o
       610          0          0          0          0        132   qsortnoex.o
        16          4          0          0          0         72   rt_ctype_table.o
        12          4          0          0          4         64   rt_errno_addr.o
        12          4          0          0          4         64   rt_heap_descriptor.o
        12          4          0          0         20         64   rt_locale.o
        68          0          0          0          0         64   rt_memclr.o
        78          0          0          0          0         76   rt_memclr_w.o
       216          0          0          0          0         64   rt_memcpy.o
       124          0          0          0          0         92   rt_memcpy_w_qsp.o
       212          0          0          0          0         64   rt_memmove.o
       128          0          0          0          0         76   rt_memmove_w.o
        44          0          0          0          0         64   rtudiv10.o
        70          0          0          0          0         80   setvbuf.o
       240          6          0          0          0        156   stdio.o
         0          0          0         12        252          0   stdio_streams.o
        20          0          0          0          0         68   strchr.o
       164          4          0          0          0         76   strcmp.o
        70          0          0          0          0         80   strcpy.o
        58          0          0          0          0         68   strlen.o
       240          4          0          0          0         80   strncmp.o
       108          4          0          0          0         72   strncpy.o
        36          0          0          0          0         80   strstr.o
        12          4          0          0          0         68   sys_exit.o
       102          0         12          0          0        240   sys_io.o
        14          0          0          0          0         76   sys_wrch.o
        22          0          0          0          0         64   uread4.o
         2          0          0          0          0         64   use_no_semi.o
        22          0          0          0          0         64   uwrite4.o
       744          0        128          0          0       4764   a_bitstr.o
       180          0        122          0          0      57693   a_dup.o
      1296          0        124          0          0       7476   a_int.o
       384          0        128          0          0       2783   a_object.o
       220         10          0          0          0       2859   a_type.o
      4728       2628          0          0          0       1384   aes-armv4-cc.o
        60          0          0          0          0       1599   aes_cbc.o
       472          4          0          0          0        684   armv4-mont-cc.o
      1376         34        177          0          0      11043   asn1_lib.o
      2856         68        124          0          0       9593   b_print.o
       702          0          0          0          0      10500   bn_add.o
      5238          0          0          0          0      14738   bn_asm.o
       796          0        149          0          0      12334   bn_blind.o
       772          0        148          0          0      16082   bn_ctx.o
       940          0          0          0          0       4818   bn_div.o
      3522         12        180          0          0      22380   bn_exp.o
      1926          0          0          0          0       9234   bn_gcd.o
       490          0         32          0          0       6875   bn_kron.o
      2162         12        486         52          0      15081   bn_lib.o
       682          0          0          0          0       7122   bn_mod.o
      1352          0        148          0          0      18085   bn_mont.o
      4064         30          0          0          0      13598   bn_mul.o
      1916          0       4096          0          0      16928   bn_prime.o
       700          4        156          0          0      10808   bn_rand.o
       710          0        148          0          0       5535   bn_recp.o
       704          0          0          0          0      10268   bn_shift.o
       700          0          0          0          0       4575   bn_sqr.o
      1378          0          0          0          0      10826   bn_sqrt.o
       548          0          0          0          0       4419   bn_word.o
       186          0        128          0          0       6733   buffer.o
        14          0          0          0          0      10368   c_all.o
         2          0          0          0          0        530   c_allc.o
       100         46          0          0          0       1558   c_alld.o
       500          0          0          0          0       2352   cbc128.o
      1882          0          0          0          0       7909   ccm128.o
       866          0          0          0          0       3871   cfb128.o
      1420         40          0          0          0       4560   cfb64ede.o
      1172         48        236          0          0      16875   cmac.o
         2          0          0          0          0        690   cryptlib.o
        30          0          0          0          0      71293   cryptolib_init.o
       546          0          4          0          0       3822   ctr128.o
      1366          0         32          0          0       7829   ctr_drbg.o
       798          0          4         28        136       7863   ctr_drbg_ossl.o
     11510         40       2048          0          0      28029   des_enc.o
      4132         18        204       1508          0      34425   e_aes.o
      1198          0          4        520          0      25627   e_des3.o
      1948        756       4352        400          0      17513   ec_curve.o
        68          0          0          0          0      12954   ec_cvt.o
      1896         40        168          0          0      41207   ec_key.o
      3498         30        200          0          0      36809   ec_lib.o
      3440          8        172          0          0      12918   ec_mult.o
       392          0          0          0          0      14980   ec_oct.o
       130          0          0          0          0       2008   ecb3_enc.o
        38          0          0          0          0      10724   ech_key.o
        40          0          0          4          0      10634   ech_lib.o
       636         22        155         40          0      17668   ech_ossl.o
      1012          0          4        156          0       6317   ecp_mont.o
      1692          0          0          0          0      18399   ecp_oct.o
      5888          0        153        156          0      27792   ecp_smpl.o
       152         22          4         68          0      13858   ecs_asn1.o
      2084         26          4         48          0      19014   ecs_ossl.o
         6          0          0          0          0        983   err.o
       104          0          0          0          0       3476   evp_lib.o
      1724          0        124         36          0      17222   ex_data.o
       976        212        140         32         64      18867   fips.o
      1324          0        507          0          0       6142   fips_aes_selftest.o
       318          0        704          0          0       3381   fips_cmac_selftest.o
       112          0         80          0          0       1968   fips_des_selftest.o
      1572          0          0         33          0      19501   fips_drbg_ctr.o
      1776         22        480          0          0      22356   fips_drbg_ec.o
      1532         46        188          0          0       7694   fips_drbg_hash.o
      1252         18        179          2          0      19922   fips_drbg_hmac.o
      1728         12        172          4          0      24812   fips_drbg_lib.o
       382          0          4         24       1052      16421   fips_drbg_rand.o
      6036          0      13608       4524          0      39505   fips_drbg_selftest.o
       554          0        331         52          0      14433   fips_ecdh_selftest.o
       260          0        100         32          0       2930   fips_ecdsa_selftest.o
       380          4        236          0          0      13566   fips_ecdsa_sign.o
      1976        420        272         52          0       8930   fips_enc.o
        82          0          0          8          0       2186   fips_err.o
       306          0        372          0          0      13217   fips_hmac_selftest.o
        82          0          0          8          0      12369   fips_lck.o
      1228        246        172         76          0      16351   fips_md.o
        90          0          4          8          0       2346   fips_mem.o
      1244         46        172         12          0       8738   fips_post.o
      1080         38        196         28        336      16927   fips_rand.o
       548          0          0         12          0      15587   fips_rand_lib.o
       308          0          0        216          0       3209   fips_rand_selftest.o
       164          0        152          0          0       1921   fips_rsa_lib.o
       300         18       1449          0          0       3056   fips_rsa_selftest.o
      1686         30        440          0          0      20650   fips_rsa_sign.o
       100         12        240          0          0      11601   fips_sha1_selftest.o
      4506          0        182          0          0      15141   gcm128.o
       628         32          0          0          0        832   ghash-armv4-cc.o
       792         68        148          0         64      15874   hmac.o
      1054          0        173          0          0       6988   lhash.o
        22          0          0          0          0       1293   libc_functions.o
       354          0          4        380          0      15596   m_sha1.o
      1552          6        144         60          0      10513   mem.o
       204         16         17          1        129       1762   mem_clr.o
       126          0          0          0          0       2295   names.o
        96         38          0          0          0      13578   o_fips.o
       118          0          4          4          0        818   o_init.o
       450          0        127          8          0       4814   o_names.o
     46468      21714      16844      22092          0      13714   obj_dat.o
       298          0        128          0          0       2358   obj_lib.o
       206          0          0          0          0       2689   ofb128.o
       322          0          0          0          0       2422   ofb64ede.o
        58          0        133          4          0       1134   pd_rand.o
       556         20        148         16         16      14794   rand_lib.o
       116         26          0          0          0        764   rand_poll_target.o
       622          0          0          0          0      15044   rsa_crpt.o
      3996         28        252         56          0      25048   rsa_eay.o
      1480         24        152          0          0      18158   rsa_gen.o
       684          0        171          4          0      14924   rsa_lib.o
       140          0          0          0          0       1376   rsa_none.o
       932          0        152          0          0      16724   rsa_oaep.o
       578          0          0          0          0       3394   rsa_pk1.o
      1008          0        160          0          0      17154   rsa_pss.o
      1180         12        148          0          0      49677   rsa_sign.o
       360          0          0          0          0       2144   rsa_ssl.o
       316          0          0          0          0       2218   rsa_x931.o
       632          0       2496          4          0       4652   set_key.o
      1372         16          0          0          0        940   sha1-armv4-large-cc.o
       480          0         48          0          0       6026   sha1dgst.o
      4176        256          0          0          0       1632   sha256-armv4-cc.o
       856          6        223          0         60       7206   sha256.o
      1848        640          0          0          0        892   sha512-armv4-cc.o
      1156          4        223          0        112       5402   sha512.o
       798          0        173          0          0       7976   stack.o
      4480         48        128          0          0      42160   tasn_dec.o
      2242         20        128          0          0      23790   tasn_enc.o
       608          8          0          0          0      14058   tasn_fre.o
       846         16        128          0          0       5550   tasn_new.o
      2528        466          4        796          0      38093   tasn_typ.o
       428          0        125          0          0       5223   tasn_utl.o
        22          0          0          0          0       6717   thr_id.o
       480         62          4        116          0      25813   x_algor.o
       292          8          4         88          0      13291   x_bignum.o
       168         28          4         68          0      23119   x_sig.o
       710          0          4          0          0       2909   xts128.o
       826         16          0          0          0        356   daddsub_clz.o
        24          0          0          0          0         68   dcmpi.o
        94          4          0          0          0         92   dfix.o
        46          0          0          0          0         68   dflt_clz.o
       120          4          0          0          0         92   dleqf.o
       340         12          0          0          0        104   dmul.o
       156          4          0          0          0         92   dnaninf.o
        12          0          0          0          0         68   dretinf.o
       108          0          0          0          0         80   drleqf.o
         4          0          0          0          0         68   printf1.o
         0          0          0          0          0          0   usenofp.o
        40          0          0          0          0         68   fpclassify.o
       102          0          0          0          0       1429   qsee_cache_shim.o
       966          0          0          0          0      13273   qsee_crypto_shim.o
      1628         12          4         86        360      23680   tzapp_lib_main.o
       196          0          0          0          0        676   tzapp_syscall.o
      2518          0          0          0          0      72670   prxy_services.o

    ----------------------------------------------------------------------
    232268      29164      57871      31944       2612    1831161   Library Totals
        66          0         23          6          3          0   (incl. Padding)

    ----------------------------------------------------------------------

      Code (inc. data)   RO Data    RW Data    ZI Data      Debug   Library Name

     12192        528        525         16        280       8108   c_2e.l
    212830      28584      57319      31836       1969    1710169   crypto_core.lib
      1730         40          0          0          0       1088   fz_2s.l
        40          0          0          0          0         68   m_2s.l
      2892         12          4         86        360      39058   tzapp_entrylib.lib
      2518          0          0          0          0      72670   tzlib_proxy.lib

    ----------------------------------------------------------------------
    232268      29164      57871      31944       2612    1831161   Library Totals

    ----------------------------------------------------------------------

==============================================================================


      Code (inc. data)   RO Data    RW Data    ZI Data      Debug   

    355052      35858      80408      33500    1154072    2554567   Grand Totals
    355052      35858      80408      33500    1154072    2554567   ELF Image Totals
    355052      35858      80408      33500          0          0   ROM Totals

==============================================================================

    Total RO  Size (Code + RO Data)               435460 ( 425.25kB)
    Total RW  Size (RW Data + ZI Data)           1187572 (1159.74kB)
    Total ROM Size (Code + RO Data + RW Data)     468960 ( 457.97kB)

==============================================================================

